================================================================================
                                   K U I V A                                    
                 relativistic multireference quantum chemistry                  
                         example 4: DMRG-CASSCF on TiF3                         
                                 version 0.48.0                                 
                compiled kernels: disabled (KUIVA_KERNELS=numpy)                
           threads: 4 (KUIVA_NUM_THREADS); BLAS: MKL 2025.1, threaded           
================================================================================
   output file                                   output/dmrg_casscf.out

================================================================================
 Scalar-relativistic X2C reference                                    t = 0.13 s
================================================================================
   atoms                                                          4   (F Ti)
   charge                                                         0
   spin (2S)                                                      1

 -- Memory pre-flight ----------------------------------------------------------
   phase                     resident [GB]  transient [GB]   peak [GB]  verdict  
   ------------------------  -------------  --------------  ----------  ---------
   scalar X2C SCF                                                       external 
   two-electron integrals            0.027           0.047       0.074  ok       
   two-electron SOC picture change          0.027           0.000       0.027  ok       
   spinor MO transform               0.151           0.115       0.265  ok       
   ------------------------  -------------  --------------  ----------  ---------
   scalar X2C SCF: allocated by PySCF, not accounted for here; it is given
     mol.max_memory = the rest of the limit
     conventional AO ERI array                                0.047  GB   (nao = 84; grows as nao^4; released once the factors exist)
     three-index AO factors                                   0.027  GB   (naux ~ 1008)
     assembled AMF correction                                 0.000  GB   (h_sf and the three w_k over nao = 84)
     three-index MO block B^P_p,occ                           0.124  GB   (168 spinors x 49 occupied)
   memory limit                                               6.000  GB   (set for this calculation)
   planned peak                                               0.265  GB
   machine available                                         11.212  GB
   SCF reference                                               ROHF
   SCF one-electron Hamiltonian                  X2C (sfx2c1e, spin-free)
   AO basis functions                                            84
   molecular orbitals                                            84
   electrons (alpha, beta)                                   25, 24
   two-electron route                                  conventional
   gauge origin (property operators)             (-0.0000, 0.0000, 0.0000) bohr   (centre of mass)
   nuclear repulsion                               218.299309181845  Eh
   scalar X2C SCF energy                         -1151.211311885574  Eh
   SCF converged                                                yes
   SCF time                                                    0.56  s wall   (2.22 s cpu)
   AO integral time                                            0.28  s wall   (1.14 s cpu)

 -- Two-component X2C spin-orbit Hamiltonian -----------------------------------
   two-component Hamiltonian                                X2C-AMF
   one-electron decoupling                                       1e   (exact molecular decoupling, pyscf)
   nuclear charge model                                       point
   spin-orbit operator scale, max |w|                      0.071316  Eh
   picture-change shift vs sfx2c1e                        7.593e-02  Eh   (guess orbitals only)
   discarded time-reversal-odd part                       1.461e-11  Eh   (5.8e-14 relative)
   two-electron SOC picture change                           x2camf
   atomic reference interaction                             coulomb
   atomic reference backend                            pyscf 2.14.0
   elements corrected                                         Ti, F
   reference configurations                      F: s4 p5, Ti: s8 p12 d2
   spin-free correction, max |dh_sf|                   7.592974e-02  Eh
   spin-orbit correction, max |dw|                     8.384170e-03  Eh
   discarded time-reversal-odd part                       1.129e-09  Eh   (1.2e-11 relative)

================================================================================
 Orthonormal working basis                                           t = 55.32 s
================================================================================
   orthogonalization scheme                               canonical
   AO basis functions                                            84
   working-basis functions                                       84
   linear-dependence threshold                             1.00e-07
   largest overlap eigenvalue                          3.056822e+00
   smallest retained overlap eigenvalue                1.499490e-05
   condition number of S (retained)                       2.039e+05

================================================================================
 Spinor expansion                                                    t = 55.32 s
================================================================================
   scalar basis functions                                        84   (working basis)
   spinors                                                      168
   Kramers pairs                                                 84
   ordering                                      interleaved (p, pbar); rows [alpha|beta]
   Kramers pairing deviation                               0.00e+00
   orthonormality error                                    8.36e-11

================================================================================
 Two-electron integrals                                              t = 55.32 s
================================================================================

 -- Cholesky decomposition of the AO two-electron integrals --------------------
   factorization                                           cholesky
   AO basis functions                                            84
   auxiliary / Cholesky vectors                                 994   (11.8 per AO)
   decomposition threshold                                 1.00e-08  Eh
   pivot selection                               complete symmetry orbits   (spherical symmetry exact by construction, not to the threshold)
   largest neglected diagonal                             9.828e-09  Eh
   factor storage                                             0.026  GB
   matrix elements                               stored AO integral array
   decomposition time                                          0.70  s wall
   stored integral array released                             0.047  GB   (dead weight once the factors exist; release_eri=False keeps it for a second factorization)

================================================================================
 Problem                                                             t = 56.02 s
================================================================================
   system                                                      TiF3   (planar D3h, Ti-F = 1.780 A)
   physics                                       Ti(III) d^1 in a ligand field
   spinors                                                      168
   active space                                          CAS(1, 10)   (the Ti 3d shell, selected by orbital character)
   states                                                         2   (the ground Kramers doublet)
   bond-dimension cap                                            16

================================================================================
 Cheap CI pre-optimization                                           t = 56.03 s
================================================================================
   active electrons                                               1
   active spinors                                                10
   states                                                         2
   determinant budget                                          6000
   energies below are qualitative: a truncated CI in a truncated space

 -- Orbital optimization (event-gated) -----------------------------------------
   inactive / active / virtual spinors                48 / 10 / 110
   orbital rotation parameters                                 6860   (complex)
   rotation                                      Kramers constrained   (orbitals paired to 0e+00; spaces stay time-reversal closed)
   step engine                                         quasi-newton
   adoption threshold tau                                 1.000e-06  Eh   (variational, at fixed integrals)
   event interval                                                 1   (accepted iterations, doubling on refusal)
   gradient convergence                                     1.0e-03   (and a stable space)
   maximum rotation per step                                   0.20  rad
   iter                 E [Eh]      dE [Eh]         |g|   max rot  step    event                wall [s]
   ----  ---------------------  -----------  ----------  --------  ------  ------------------  ---------
      1     -1151.436746574168   -4.556e-03   1.917e+00    0.0020  qn      no change                1.34
      2     -1151.436785331178   -3.876e-05   6.592e-02    0.0005  qn                               1.08
      3     -1151.436789514663   -4.183e-06   4.702e-03    0.0005  qn      no change                1.37
      4     -1151.436796665783   -7.151e-06   5.623e-03    0.0020  qn                               1.39
      5     -1151.436798450475   -1.785e-06   7.677e-03    0.0025  qn                               1.37
      6     -1151.436802496150   -4.046e-06   7.335e-03    0.0002  qn                               1.09
      7     -1151.436804232122   -1.736e-06   2.403e-03    0.0007  qn      no change                0.95
      8     -1151.436805010202   -7.781e-07   1.674e-03    0.0009  qn                               0.99
      9     -1151.436805098805   -8.860e-08   1.194e-03    0.0003  qn                               1.02
     10     -1151.436805098805    0.000e+00   4.387e-04    0.0000  qn      stable                   0.01
   ----  ---------------------  -----------  ----------  --------  ------  ------------------  ---------
   converged
   second-order steps taken                                       0
   Hessian-vector products                                        0
   rejected steps                                                 0
   space proposals                                                4   (0 adopted)
   failed CI solves                                               0

 -- Active-space analysis ------------------------------------------------------
   spinors analysed                                              10
   max single-orbital entropy                                0.6931  nats
   strongly entangled spinors                                     2   (s(1) > 0.10)
   total correlation, sum I_pq / 2                           0.6931  nats
   max mutual information                                    0.6931  nats
   most entangled spinors
    spinor    occupation   s(1) [nats]     max I_pq   partner
   -------  ------------  ------------  -----------  --------
        48      0.500000      0.693147     0.693147        49
        49      0.500000      0.693147     0.693147        48
        52      0.000000      0.000000     0.000000        48
        53      0.000000      0.000000     0.000000        48
        54      0.000000      0.000000     0.000000        48
        55      0.000000      0.000000     0.000000        48
        56      0.000000      0.000000     0.000000        48
        57      0.000000      0.000000     0.000000        48
        58      0.000000      0.000000     0.000000        48
        59      0.000000      0.000000     0.000000        48
   -------  ------------  ------------  -----------  --------
   suggested active spinors                                       2   (of 10 candidates)
   suggested active electrons                                 1.000

================================================================================
 The finished CheapCI stage                                          t = 67.76 s
================================================================================
CheapCI
  active space             : CAS(1, 10)  5 lowest Kramers pairs of l=2 character on 1 Ti
  converged (occupations)  : True
  orbital occupations      : 0.500, 0.500, 0.000, 0.000, 0.000, 0.000, 0.000, 0.000, 0.000, 0.000
  suggested active spinors : [48, 49]

 -- What the cheap CI measured -------------------------------------------------
    active spinor    occupation     entropy    max mutual info
   --------------  ------------  ----------  -----------------
                0        0.5000      0.6931         6.9315e-01
                1        0.5000      0.6931         6.9315e-01
                2        0.0000      0.0000         0.0000e+00
                3        0.0000      0.0000         0.0000e+00
                4        0.0000      0.0000         0.0000e+00
                5        0.0000      0.0000         0.0000e+00
                6        0.0000      0.0000         0.0000e+00
                7        0.0000      0.0000         0.0000e+00
                8        0.0000      0.0000         0.0000e+00
                9        0.0000      0.0000         0.0000e+00
   --------------  ------------  ----------  -----------------
   single-orbital entropy is zero for an empty or full spinor by definition
   fractionally occupied spinors (a LOWER bound on the active space)          [48, 49]

================================================================================
 CASSCF with the conventional CI                                     t = 67.76 s
================================================================================

================================================================================
 CASSCF                                                              t = 67.76 s
================================================================================
   active space                                          CAS(1, 10)   (5 lowest Kramers pairs of l=2 character on 1 Ti)
   inactive / active / virtual spinors                48 / 10 / 110
   determinants                                                  10
   state-average boundary gap                              15331.44  cm^-1   (to root 3 of 10, at the starting orbitals)

 -- Orbital optimization -------------------------------------------------------
   inactive / active / virtual spinors                48 / 10 / 110
   orbital rotation parameters                                 6860   (complex)
   optimizer mode                                      quasi-newton
   rotation                                      Kramers constrained   (orbitals paired to 2e-15; spaces stay time-reversal closed)
   gradient convergence                                     1.0e-04
   maximum rotation per step                                   0.20  rad
   iter                 E [Eh]      dE [Eh]         |g|   max rot  step     wall [s]
   ----  ---------------------  -----------  ----------  --------  ------  ---------
      1     -1151.436805093660    5.145e-09   4.387e-04    0.0000  qn           1.29
      2     -1151.436805099378   -5.719e-09   2.983e-03    0.0000  qn           0.97
      3     -1151.436805099637   -2.588e-10   3.806e-04    0.0000  qn           0.97
      4     -1151.436805105028   -5.391e-09   3.294e-04    0.0000  qn           0.97
      5     -1151.436805106233   -1.205e-09   9.002e-04    0.0000  qn           0.95
      6     -1151.436805108201   -1.968e-09   1.685e-03    0.0000  qn           0.97
      7     -1151.436805109853   -1.652e-09   8.072e-04    0.0000  qn           0.97
      8     -1151.436805111348   -1.495e-09   5.455e-04    0.0000  qn           0.97
      9     -1151.436805113128   -1.780e-09   7.830e-04    0.0000  qn           0.99
     10     -1151.436805111549    1.579e-09   7.842e-04    0.0000  qn           0.96
     11     -1151.436805114191   -2.641e-09   1.790e-03    0.0000  qn           1.05
     12     -1151.436805114339   -1.487e-10   2.644e-04    0.0000  qn           0.98
     13     -1151.436805114706   -3.668e-10   2.116e-04    0.0000  qn           0.96
     14     -1151.436805114992   -2.860e-10   3.543e-04    0.0000  qn           0.96
     15     -1151.436805115345   -3.533e-10   4.975e-04    0.0000  qn           0.95
     16     -1151.436805115776   -4.304e-10   3.362e-04    0.0000  qn           0.95
     17     -1151.436805116150   -3.738e-10   2.506e-04    0.0000  qn           0.96
     18     -1151.436805116547   -3.979e-10   3.908e-04    0.0000  qn           0.97
     19     -1151.436805116921   -3.736e-10   4.946e-04    0.0000  qn           0.96
     20     -1151.436805117219   -2.983e-10   2.817e-04    0.0000  qn           0.99
     21     -1151.436805117429   -2.092e-10   2.985e-04    0.0000  qn           0.97
     22     -1151.436805117706   -2.776e-10   3.541e-04    0.0000  qn           0.95
     23     -1151.436805117795   -8.890e-11   3.047e-04    0.0000  qn           1.01
     24     -1151.436805117935   -1.398e-10   4.054e-04    0.0000  qn           0.97
     25     -1151.436805117999   -6.457e-11   1.560e-04    0.0000  qn           0.96
     26     -1151.436805118105   -1.053e-10   1.654e-04    0.0000  qn           0.95
     27     -1151.436805118220   -1.157e-10   2.000e-04    0.0000  qn           0.96
     28     -1151.436805118304   -8.322e-11   2.403e-04    0.0000  qn           0.95
     29     -1151.436805118393   -8.890e-11   1.907e-04    0.0000  qn           0.97
     30     -1151.436805118472   -7.981e-11   1.240e-04    0.0000  qn           0.96
     31     -1151.436805118559   -8.617e-11   1.304e-04    0.0000  qn           0.96
     32     -1151.436805118579   -2.024e-11   1.321e-04    0.0000  qn           0.99
     33     -1151.436805118747   -1.685e-10   3.851e-04    0.0000  qn           0.94
     34     -1151.436805118792   -4.434e-11   1.114e-04    0.0000  qn           0.96
     35     -1151.436805118792    0.000e+00   9.689e-05    0.0000  qn           0.00
   ----  ---------------------  -----------  ----------  --------  ------  ---------
   converged
   second-order steps taken                                       0
   Hessian-vector products                                        0
   rejected steps                                                 0
     state                 E [Eh]     rel [cm^-1]     weight
   -------  ---------------------  --------------  ---------
         0     -1151.436805118792            0.00     0.5000
         1     -1151.436805118792            0.00     0.5000
   -------  ---------------------  --------------  ---------
   10 applications of H in 0 iterations
   state-average boundary gap                              15331.75  cm^-1   (to root 3 of 10, at the converged orbitals)
   state-average spin invariance                          5.622e-02   (leaning on the spin-orbit structure)
CASSCF
  active space     : CAS(1, 10)  5 lowest Kramers pairs of l=2 character on 1 Ti
  solver           : ci
  E(CASSCF) [Eh]   : -1151.436805118792
  converged        : True
  macro-iterations : 35
  |grad|           : 9.69e-05
  states           : 2

================================================================================
 CASSCF with the tensor-network solver                              t = 102.99 s
================================================================================

================================================================================
 CASSCF (DMRG solver)                                               t = 102.99 s
================================================================================
   active space                                          CAS(1, 10)   (5 lowest Kramers pairs of l=2 character on 1 Ti)
   inactive / active / virtual spinors                48 / 10 / 110
   determinants                                                  10

 -- Orbital optimization -------------------------------------------------------
   inactive / active / virtual spinors                48 / 10 / 110
   orbital rotation parameters                                 6860   (complex)
   optimizer mode                                      quasi-newton
   rotation                                      Kramers constrained   (orbitals paired to 2e-15; spaces stay time-reversal closed)
   gradient convergence                                     1.0e-04
   maximum rotation per step                                   0.20  rad
   iter                 E [Eh]      dE [Eh]         |g|   max rot  step     wall [s]       w_disc
   ----  ---------------------  -----------  ----------  --------  ------  ---------  -----------

 -- Memory plan: two-site DMRG -------------------------------------------------
   phase                     resident [GB]  transient [GB]   peak [GB]  verdict  
   ------------------------  -------------  --------------  ----------  ---------
   network environments              0.087           0.000       0.087  ok       
   two-site solves                   0.087           0.001       0.089  ok       
   network RDMs                      0.087           0.000       0.088  ok       
   ------------------------  -------------  --------------  ----------  ---------
     renormalized operator blocks                             0.000  GB   (18 directed bonds, held until the solve ends; max_bond = 16)
     environment build                                        0.000  GB   (largest step of any build's chain, with the environments it folds into the operator ahead of the ket)
     two-site workspace                                       0.000  GB   (largest bond of the tour (8, 4): merged ensemble, guess, Davidson stacks, roots and operator halves over 2 roots)
     H_eff application                                        0.001  GB   (the larger of one contraction intermediate (built and freed once per matrix-vector product) and the preconditioner's dense W arrays)
     state-averaged 2-RDM                                     0.000  GB   (10 spinors)
     per-node environments                                    0.000  GB   (a second environment set, released with the contraction)
     slot extraction                                          0.000  GB   (largest chain of any node over every open leg and channel sector, input and output together)
   memory limit                                               6.000  GB   (set for this calculation)
   planned peak                                               0.089  GB
   machine available                                         10.868  GB
      1     -1151.436805093660    5.145e-09   4.387e-04    0.0000  qn           4.09    0.000e+00
      2     -1151.436805099378   -5.718e-09   2.983e-03    0.0000  qn           3.78    0.000e+00
      3     -1151.436805099636   -2.581e-10   3.806e-04    0.0000  qn           3.96    0.000e+00
      4     -1151.436805105028   -5.392e-09   3.294e-04    0.0000  qn           4.22    0.000e+00
      5     -1151.436805106232   -1.203e-09   9.002e-04    0.0000  qn           4.36    0.000e+00
      6     -1151.436805108201   -1.969e-09   1.685e-03    0.0000  qn           4.22    0.000e+00
      7     -1151.436805109851   -1.651e-09   8.072e-04    0.0000  qn           4.27    0.000e+00
      8     -1151.436805111346   -1.495e-09   5.455e-04    0.0000  qn           4.26    0.000e+00
      9     -1151.436805113125   -1.779e-09   7.830e-04    0.0000  qn           3.80    0.000e+00
     10     -1151.436805111550    1.575e-09   7.843e-04    0.0000  qn           3.81    0.000e+00
     11     -1151.436805114189   -2.639e-09   1.789e-03    0.0000  qn           3.90    0.000e+00
     12     -1151.436805114339   -1.496e-10   2.644e-04    0.0000  qn           3.83    0.000e+00
     13     -1151.436805114704   -3.656e-10   2.116e-04    0.0000  qn           3.82    0.000e+00
     14     -1151.436805114990   -2.858e-10   3.543e-04    0.0000  qn           3.81    0.000e+00
     15     -1151.436805115345   -3.552e-10   4.975e-04    0.0000  qn           3.80    0.000e+00
     16     -1151.436805115776   -4.309e-10   3.362e-04    0.0000  qn           3.82    0.000e+00
     17     -1151.436805116149   -3.724e-10   2.506e-04    0.0000  qn           4.09    0.000e+00
     18     -1151.436805116547   -3.984e-10   3.909e-04    0.0000  qn           3.85    0.000e+00
     19     -1151.436805116921   -3.736e-10   4.945e-04    0.0000  qn           3.79    0.000e+00
     20     -1151.436805117219   -2.988e-10   2.817e-04    0.0000  qn           3.81    0.000e+00
     21     -1151.436805117428   -2.090e-10   2.986e-04    0.0000  qn           3.91    0.000e+00
     22     -1151.436805117706   -2.779e-10   3.541e-04    0.0000  qn           4.13    0.000e+00
     23     -1151.436805117795   -8.845e-11   3.046e-04    0.0000  qn           4.02    0.000e+00
     24     -1151.436805117936   -1.412e-10   4.054e-04    0.0000  qn           3.78    0.000e+00
     25     -1151.436805118001   -6.480e-11   1.560e-04    0.0000  qn           3.79    0.000e+00
     26     -1151.436805118106   -1.053e-10   1.654e-04    0.0000  qn           3.79    0.000e+00
     27     -1151.436805118222   -1.164e-10   2.000e-04    0.0000  qn           3.79    0.000e+00
     28     -1151.436805118305   -8.254e-11   2.401e-04    0.0000  qn           3.83    0.000e+00
     29     -1151.436805118394   -8.890e-11   1.912e-04    0.0000  qn           3.79    0.000e+00
     30     -1151.436805118472   -7.844e-11   1.240e-04    0.0000  qn           3.81    0.000e+00
     31     -1151.436805118558   -8.595e-11   1.302e-04    0.0000  qn           3.79    0.000e+00
     32     -1151.436805118580   -2.160e-11   1.320e-04    0.0000  qn           3.78    0.000e+00
     33     -1151.436805118748   -1.680e-10   3.841e-04    0.0000  qn           3.77    0.000e+00
     34     -1151.436805118793   -4.502e-11   1.115e-04    0.0000  qn           3.77    0.000e+00
     35     -1151.436805118793    0.000e+00   9.687e-05    0.0000  qn           0.00    0.000e+00
   ----  ---------------------  -----------  ----------  --------  ------  ---------  -----------
   converged
   second-order steps taken                                       0
   Hessian-vector products                                        0
   rejected steps                                                 0
   state-average boundary gap                              15342.53  cm^-1   (min over the tour; local, variational from above)
   checkpoint file                               /home/akseli/Programs/kuiva/examples/04_dmrg_casscf/output/dmrg_casscf.h5
   checkpoints written                                           35   (1 thinned, 0 skipped)
   checkpoint volume                                         0.0878  GB
   time spent checkpointing                                    0.30  s
   network state file                            /home/akseli/Programs/kuiva/examples/04_dmrg_casscf/output/dmrg_casscf.network.h5
   network states written                                        74   (0 skipped; rolling, one file)
   network state volume                                      0.0037  GB
   time spent writing network states                           1.25  s
   state energies [Eh]                           -1151.436805118793, -1151.436805118793
   largest bond dimension                                         3
   largest discarded weight                               0.000e+00   (ensemble truncation, final sweep)
   state-average boundary gap                        15342.53 cm^-1
CASSCF
  active space             : CAS(1, 10)  5 lowest Kramers pairs of l=2 character on 1 Ti
  solver                   : dmrg
  E(CASSCF) [Eh]           : -1151.436805118793
  converged                : True
  macro-iterations         : 35
  |grad|                   : 9.69e-05
  states                   : 2
  largest bond dimension   : 3
  largest discarded weight : 0.000e+00

================================================================================
 The same network CASSCF, with the states chosen by an energy cutoff t = 245.37 s
================================================================================

================================================================================
 CASSCF (DMRG solver)                                               t = 245.38 s
================================================================================
   active space                                          CAS(1, 10)   (5 lowest Kramers pairs of l=2 character on 1 Ti)
   inactive / active / virtual spinors                48 / 10 / 110
   determinants                                                  10

 -- Memory plan: two-site DMRG -------------------------------------------------
   phase                     resident [GB]  transient [GB]   peak [GB]  verdict  
   ------------------------  -------------  --------------  ----------  ---------
   network environments              0.093           0.000       0.093  ok       
   two-site solves                   0.093           0.000       0.093  ok       
   ------------------------  -------------  --------------  ----------  ---------
     renormalized operator blocks                             0.000  GB   (2 directed bonds, held until the solve ends; max_bond = 16)
     environment build                                        0.000  GB   (largest step of any build's chain, with the environments it folds into the operator ahead of the ket)
     two-site workspace                                       0.000  GB   (largest bond of the tour (0, 1): merged ensemble, guess, Davidson stacks, roots and operator halves over 4 roots)
     H_eff application                                        0.000  GB   (the larger of one contraction intermediate (built and freed once per matrix-vector product) and the preconditioner's dense W arrays)
   memory limit                                               6.000  GB   (set for this calculation)
   planned peak                                               0.093  GB
   machine available                                         10.832  GB

 -- state window at the starting orbitals --------------------------------------
   cutoff                                                   2000.00  cm^-1   (0.00911267 Eh)
   manifold gap                                               50.00  cm^-1
   first rung                                                     2   (from the upstream estimate)
   witness                                       converged network roots
    rung   roots   n_apply   cpu [s]  verdict                                     
   -----  ------  --------  --------  --------------------------------------------
       1       2                0.04  complete: 2 states, witness gap 15331.44 cm^-1
   -----  ------  --------  --------  --------------------------------------------
   resolved                                                       2   (spill 0.00 cm^-1 above the cutoff)
   edge [cm^-1]                                     0.00 | 15331.44   (last selected | first left out)
   sweeps per rung                                                2   (a rung is a whole sweep campaign on this route)
   state window: round                                            1   (2 states, macro-iterations 1..60)

 -- Orbital optimization -------------------------------------------------------
   inactive / active / virtual spinors                48 / 10 / 110
   orbital rotation parameters                                 6860   (complex)
   optimizer mode                                      quasi-newton
   rotation                                      Kramers constrained   (orbitals paired to 2e-15; spaces stay time-reversal closed)
   gradient convergence                                     1.0e-04
   maximum rotation per step                                   0.20  rad
   iter                 E [Eh]      dE [Eh]         |g|   max rot  step     wall [s]       w_disc
   ----  ---------------------  -----------  ----------  --------  ------  ---------  -----------
      1     -1151.436805093660    5.145e-09   4.387e-04    0.0000  qn           1.34    0.000e+00
      2     -1151.436805099378   -5.719e-09   2.983e-03    0.0000  qn           1.00    0.000e+00
      3     -1151.436805099637   -2.585e-10   3.806e-04    0.0000  qn           1.00    0.000e+00
      4     -1151.436805105028   -5.391e-09   3.294e-04    0.0000  qn           1.02    0.000e+00
      5     -1151.436805106232   -1.205e-09   9.002e-04    0.0000  qn           1.00    0.000e+00
      6     -1151.436805108201   -1.969e-09   1.685e-03    0.0000  qn           1.00    0.000e+00
      7     -1151.436805109853   -1.652e-09   8.072e-04    0.0000  qn           0.99    0.000e+00
      8     -1151.436805111347   -1.494e-09   5.455e-04    0.0000  qn           0.99    0.000e+00
      9     -1151.436805113127   -1.781e-09   7.830e-04    0.0000  qn           1.00    0.000e+00
     10     -1151.436805111549    1.578e-09   7.842e-04    0.0000  qn           1.01    0.000e+00
     11     -1151.436805114190   -2.641e-09   1.790e-03    0.0000  qn           1.01    0.000e+00
     12     -1151.436805114339   -1.492e-10   2.644e-04    0.0000  qn           1.00    0.000e+00
     13     -1151.436805114706   -3.670e-10   2.116e-04    0.0000  qn           1.01    0.000e+00
     14     -1151.436805114993   -2.867e-10   3.543e-04    0.0000  qn           1.00    0.000e+00
     15     -1151.436805115347   -3.542e-10   4.975e-04    0.0000  qn           0.99    0.000e+00
     16     -1151.436805115777   -4.297e-10   3.362e-04    0.0000  qn           1.02    0.000e+00
     17     -1151.436805116150   -3.727e-10   2.506e-04    0.0000  qn           1.07    0.000e+00
     18     -1151.436805116548   -3.981e-10   3.908e-04    0.0000  qn           1.01    0.000e+00
     19     -1151.436805116922   -3.736e-10   4.946e-04    0.0000  qn           1.01    0.000e+00
     20     -1151.436805117220   -2.985e-10   2.817e-04    0.0000  qn           1.00    0.000e+00
     21     -1151.436805117428   -2.080e-10   2.985e-04    0.0000  qn           1.02    0.000e+00
     22     -1151.436805117705   -2.774e-10   3.541e-04    0.0000  qn           1.00    0.000e+00
     23     -1151.436805117795   -8.936e-11   3.047e-04    0.0000  qn           1.00    0.000e+00
     24     -1151.436805117935   -1.405e-10   4.054e-04    0.0000  qn           1.04    0.000e+00
     25     -1151.436805118000   -6.480e-11   1.560e-04    0.0000  qn           1.00    0.000e+00
     26     -1151.436805118105   -1.044e-10   1.654e-04    0.0000  qn           1.01    0.000e+00
     27     -1151.436805118222   -1.171e-10   2.000e-04    0.0000  qn           1.00    0.000e+00
     28     -1151.436805118304   -8.254e-11   2.403e-04    0.0000  qn           1.02    0.000e+00
     29     -1151.436805118393   -8.868e-11   1.907e-04    0.0000  qn           1.04    0.000e+00
     30     -1151.436805118472   -7.867e-11   1.240e-04    0.0000  qn           1.01    0.000e+00
     31     -1151.436805118559   -8.731e-11   1.304e-04    0.0000  qn           1.01    0.000e+00
     32     -1151.436805118580   -2.160e-11   1.321e-04    0.0000  qn           1.07    0.000e+00
     33     -1151.436805118749   -1.685e-10   3.851e-04    0.0000  qn           1.00    0.000e+00
     34     -1151.436805118793   -4.411e-11   1.114e-04    0.0000  qn           1.03    0.000e+00
     35     -1151.436805118793    0.000e+00   9.689e-05    0.0000  qn           0.00    0.000e+00
   ----  ---------------------  -----------  ----------  --------  ------  ---------  -----------
   converged
   second-order steps taken                                       0
   Hessian-vector products                                        0
   rejected steps                                                 0

 -- Memory plan: two-site DMRG -------------------------------------------------
   phase                     resident [GB]  transient [GB]   peak [GB]  verdict  
   ------------------------  -------------  --------------  ----------  ---------
   network environments              0.098           0.000       0.098  ok       
   two-site solves                   0.098           0.000       0.098  ok       
   ------------------------  -------------  --------------  ----------  ---------
     renormalized operator blocks                             0.000  GB   (2 directed bonds, held until the solve ends; max_bond = 16)
     environment build                                        0.000  GB   (largest step of any build's chain, with the environments it folds into the operator ahead of the ket)
     two-site workspace                                       0.000  GB   (largest bond of the tour (0, 1): merged ensemble, guess, Davidson stacks, roots and operator halves over 6 roots)
     H_eff application                                        0.000  GB   (the larger of one contraction intermediate (built and freed once per matrix-vector product) and the preconditioner's dense W arrays)
   memory limit                                               6.000  GB   (set for this calculation)
   planned peak                                               0.098  GB
   machine available                                         10.851  GB

 -- state window at the converged orbitals -------------------------------------
   cutoff                                                   2000.00  cm^-1   (0.00911267 Eh)
   manifold gap                                               50.00  cm^-1
   first rung                                                     4   (from the previous round's count plus a witness pair)
   witness                                       converged network roots
    rung   roots   n_apply   cpu [s]  verdict                                     
   -----  ------  --------  --------  --------------------------------------------
       1       4                0.18  complete: 2 states, witness gap 15331.75 cm^-1
   -----  ------  --------  --------  --------------------------------------------
   resolved                                                       2   (spill 0.00 cm^-1 above the cutoff)
   edge [cm^-1]                                     0.00 | 15331.75   (last selected | first left out)
   sweeps per rung                                                2   (a rung is a whole sweep campaign on this route)

 -- state window: rounds -------------------------------------------------------
    round   states   iters              E_SA [Eh]      |grad|  verdict                         
   ------  -------  ------  ---------------------  ----------  --------------------------------
        1        2      35     -1151.436805118793   9.689e-05  count unchanged                 
   ------  -------  ------  ---------------------  ----------  --------------------------------
   1 round, 35 macro-iterations
   resolved state count                                           2   (stable across the last round)
   state energies [Eh]                           -1151.436805118793, -1151.436805118793
   largest bond dimension                                         3
   largest discarded weight                               0.000e+00   (ensemble truncation, final sweep)
   state-average boundary gap                        15331.75 cm^-1
CASSCF
  active space             : CAS(1, 10)  5 lowest Kramers pairs of l=2 character on 1 Ti
  solver                   : dmrg
  E(CASSCF) [Eh]           : -1151.436805118793
  converged                : True
  macro-iterations         : 35
  |grad|                   : 9.69e-05
  states                   : 2
  state window             : 2000 cm^-1, manifold gap 50 cm^-1, at most 64 states; 1 round(s), witness gap 15331.75 cm^-1
  largest bond dimension   : 3
  largest discarded weight : 0.000e+00
   cutoff asked for                                         2000.00  cm^-1   (above the lowest state)
   states it resolved to                                          2   (against the 2 stated by hand above)
   rounds                                                         1   (one: the verdict did not change)
   witness                                       converged network roots
   gap beyond the last state averaged                      15331.75  cm^-1   (wider than the manifold gap by construction)
   first rung                                                     2   (from the upstream estimate)
   sweeps per rung                                                2   (a rung is a whole sweep campaign on this route)
   energy, against the stated-count run                  -2.274e-13  Eh   (two topologies, one calculation)
   macro-iterations, against the stated-count run          35 vs 35   (two topologies; resolved here, stated there)

 -- The network ----------------------------------------------------------------
   nodes                                                         10   (one active spinor each)
   edges                                                          9   (a tree: 10 nodes need 9 edges)
   topology                                      0-1 0-2 0-8 2-3 4-5 4-6 4-8 6-7 8-9
   largest bond dimension used                                    3   (cap was 16)
   the solver is tree-native and nothing in the sweep, the operators or
   the environments knows 'left' from 'right'; a chain is the special case
   where the tree happens to be a path.

 -- The two checkpoint files ---------------------------------------------------
   trajectory (orbitals, RDMs, optimizer)            dmrg_casscf.h5
   network state (rolling, per sweep)            dmrg_casscf.network.h5
   saved network marked converged                              True

================================================================================
 Exact CI against the network                                       t = 283.48 s
================================================================================
   solver                      iter         E(CASSCF) [Eh]      |grad|    conv
   --------------------------  ----  ---------------------  ----------  ------
   conventional CI               35     -1151.436805118792   9.689e-05     yes
   tree tensor network           35     -1151.436805118793   9.687e-05     yes
   --------------------------  ----  ---------------------  ----------  ------
   |E(network) - E(CI)|                                   1.137e-12  Eh
   Kramers splitting of the network doublet               0.000e+00  Eh
   state-average boundary                        15342.5 cm^-1 to the next root
   network states [Eh]                           -1151.436805118793, -1151.436805118793

================================================================================
 Spin analysis on both routes                                       t = 287.34 s
================================================================================
   <S^2> of the ground doublet (CI route)                  0.750389
   <S^2> of the ground doublet (network route)             0.750389
   out-of-active-space leakage (network route)             2.60e-03  hbar   (orbitals, not method)

 -- Spin expectation values ----------------------------------------------------
   blocks                                                         1
   spin-orbit coupling                                           on
   inactive contribution to S                              2.36e-14  hbar   (exactly zero for a Kramers-paired inactive set)
   S leakage out of the active space                       2.60e-03  hbar   (zero for a spin-separable orbital set; included either way)
   its largest contribution to <S^2>                       7.36e-04   (the part that would be missing if it were assumed away)
   S is not conserved with spin-orbit coupling on: read 2S+1 as a spin-purity measure, not a multiplicity
     block    states       E [cm^-1]       <S^2>         S       2S+1      |dev|
   -------  --------  --------------  ----------  --------  ---------  ---------
         1         2            0.00      0.7504     0.500      2.000    3.9e-04
   -------  --------  --------------  ----------  --------  ---------  ---------

 -- Term assignment (inferred) -------------------------------------------------
   every label below is an INFERENCE from the block dimension, <S^2> and g -- not a computed quantum number
   levels ^(2S+1)L_J; S is not conserved with spin-orbit coupling on, so 2S+1 names the dominant spin
     block    states       E [cm^-1]       <S^2>       g_iso    assignment        fit
   -------  --------  --------------  ----------  ----------  ------------  ---------
         1         2            0.00      0.7504      1.8785             ?        nan
   -------  --------  --------------  ----------  ----------  ------------  ---------
   0 of 1 blocks assigned
   block 1: dimension 2 = 2J+1 -> J = 1/2
   block 1: <S^2> = 0.750389 -> S = 0.5002, 2S+1 = 2.0004 (off an integer by 3.9e-04)
   block 1: g_iso = 1.878544 -> L(L+1) = 0.1822 -> L = 0.1574 (off an integer by 1.6e-01)
   block 1: L is not integral to 0.1, so no term is offered

================================================================================
 Bond-dimension series at the converged orbitals                    t = 291.42 s
================================================================================

 -- Memory plan: two-site DMRG -------------------------------------------------
   phase                     resident [GB]  transient [GB]   peak [GB]  verdict  
   ------------------------  -------------  --------------  ----------  ---------
   network environments              0.095           0.000       0.095  ok       
   two-site solves                   0.095           0.001       0.096  ok       
   network RDMs                      0.095           0.000       0.095  ok       
   ------------------------  -------------  --------------  ----------  ---------
     renormalized operator blocks                             0.000  GB   (18 directed bonds, held until the solve ends; max_bond = 4)
     environment build                                        0.000  GB   (largest step of any build's chain, with the environments it folds into the operator ahead of the ket)
     two-site workspace                                       0.000  GB   (largest bond of the tour (8, 4): merged ensemble, guess, Davidson stacks, roots and operator halves over 2 roots)
     H_eff application                                        0.001  GB   (the larger of one contraction intermediate (built and freed once per matrix-vector product) and the preconditioner's dense W arrays)
     state-averaged 2-RDM                                     0.000  GB   (10 spinors)
     per-node environments                                    0.000  GB   (a second environment set, released with the contraction)
     slot extraction                                          0.000  GB   (largest chain of any node over every open leg and channel sector, input and output together)
   memory limit                                               6.000  GB   (set for this calculation)
   planned peak                                               0.096  GB
   machine available                                         10.935  GB

 -- Memory plan: two-site DMRG -------------------------------------------------
   phase                     resident [GB]  transient [GB]   peak [GB]  verdict  
   ------------------------  -------------  --------------  ----------  ---------
   network environments              0.095           0.000       0.095  ok       
   two-site solves                   0.095           0.001       0.096  ok       
   network RDMs                      0.095           0.000       0.095  ok       
   ------------------------  -------------  --------------  ----------  ---------
     renormalized operator blocks                             0.000  GB   (18 directed bonds, held until the solve ends; max_bond = 16)
     environment build                                        0.000  GB   (largest step of any build's chain, with the environments it folds into the operator ahead of the ket)
     two-site workspace                                       0.000  GB   (largest bond of the tour (8, 4): merged ensemble, guess, Davidson stacks, roots and operator halves over 2 roots)
     H_eff application                                        0.001  GB   (the larger of one contraction intermediate (built and freed once per matrix-vector product) and the preconditioner's dense W arrays)
     state-averaged 2-RDM                                     0.000  GB   (10 spinors)
     per-node environments                                    0.000  GB   (a second environment set, released with the contraction)
     slot extraction                                          0.000  GB   (largest chain of any node over every open leg and channel sector, input and output together)
   memory limit                                               6.000  GB   (set for this calculation)
   planned peak                                               0.096  GB
   machine available                                         10.960  GB

 -- Bond-dimension series ------------------------------------------------------
      cap D    used       w_disc              E_SA [Eh]
   --------  ------  -----------  ---------------------
          4       3    0.000e+00        -0.511923793641
         16       3    0.000e+00        -0.511923793641
   --------  ------  -----------  ---------------------
   energies exclude e_core (the sweep convention)
   the truncation never bit (every w_disc is zero): the largest cap is exact and there is nothing to extrapolate
   E_SA at the largest cap + e_core              -1151.436805118793  Eh   (must reproduce the CASSCF's own state average)

================================================================================
 Result                                                             t = 296.08 s
================================================================================
   check                                                           verdict   
   --------------------------------------------------------------  ----------
   the conventional-CI CASSCF converged                            ok        
   the tensor-network CASSCF converged                             ok        
   the two solvers agree to 1e-08 Eh                               ok        
   the network doublet is Kramers degenerate                       ok        
   the topology is a tree over the active spinors                  ok        
   the bond dimension stayed inside its cap                        ok        
   the cheap CI found the expected fractional occupations          ok        
   both checkpoint files exist                                     ok        
   the saved network state matches the converged topology          ok        
   the two routes agree on <S^2> of the ground doublet             ok        
   the d^1 doublet is a spin doublet on the network route          ok        
   the series' largest cap reproduces the CASSCF state average     ok        
   the 2000 cm^-1 window resolves to the 2 states stated by hand   ok        
   it settles in one round                                         ok        
   its witness is a converged network root                         ok        
   its first rung came from the cheap CI upstream, so no pilot was run  ok        
   the resolved-count run agrees with the stated-count one         ok        
   --------------------------------------------------------------  ----------
   checks                                             all 17 passed

================================================================================
 Timings                                                            t = 296.08 s
================================================================================
   region                                     calls     wall [s]       cpu [s]   cpu/wall   % wall
   ----------------------------------------  ------  -----------  ------------  ---------  -------
   scalar X2C SCF                                 1         0.56          2.22       4.00      0.2
   AO integrals                                   1         0.28          1.14       4.00      0.1
     angular-momentum integrals                   1         0.00          0.00       3.97      0.0
     electric dipole integrals                    1         0.00          0.00       4.00      0.0
   X2C spin-orbit integrals                       1         0.14          0.55       4.00      0.0
   atomic mean-field correction                   1        53.97        215.82       4.00     18.4
     atomic 4c solve                              2        53.67        214.62       4.00     18.3
       atomic 4c DHF                              2        49.06        196.19       4.00     16.8
     atomic mean-field decoupling                 2         0.29          1.17       4.00      0.1
   orthogonalization (canonical)                  1         0.00          0.00       4.00      0.0
   Cholesky decomposition                         1         0.70          2.79       4.00      0.2
   CAS integrals                                 12         7.48         29.90       4.00      2.6
     J/K build                                   12         4.64         18.56       4.00      1.6
     3-index transform                           12         2.72         10.86       4.00      0.9
   determinant connections                        7         0.00          0.01       4.00      0.0
   CI Hamiltonian assembly                        4         0.00          0.00       3.95      0.0
   CI diagonalization                             4         0.00          0.00       3.96      0.0
   candidate generation                           4         0.00          0.00       4.01      0.0
   CI density matrices                            2         0.00          0.00       4.01      0.0
   macro-iteration                              115       211.61        566.65       2.68     72.3
     J/K build                                  115        35.26        140.18       3.98     12.0
     CAS integrals                              111        72.89        289.79       3.98     24.9
       J/K build                                111        45.90        182.38       3.97     15.7
       3-index transform                        111        25.78        102.59       3.98      8.8
     CI Hamiltonian assembly                     17         0.00          0.00       3.93      0.0
     CI diagonalization                          17         0.00          0.01       3.99      0.0
     CI density matrices                         13         0.00          0.02       3.91      0.0
     determinant connections                     12         0.00          0.01       3.99      0.0
     candidate generation                         8         0.00          0.01       4.00      0.0
   CAS determinant addressing                     1         0.00          0.00       3.92      0.0
   CAS excitation map                             1         0.00          0.00       4.02      0.0
   dense CI diagonalization                      21         0.03          0.05       1.39      0.0
     sigma step 1: gather F                      30         0.00          0.01       4.02      0.0
     sigma one-electron term                     30         0.00          0.00       4.13      0.0
     sigma step 2: GEMM                          30         0.00          0.00       3.45      0.0
     sigma step 3: gather sigma                  30         0.00          0.01       4.03      0.0
   full CI: diagonal                              1         0.00          0.00       3.87      0.0
   RDM gather F                                   2         0.00          0.00       4.07      0.0
   RDM accumulation F^H F                         2         0.00          0.00       4.03      0.0
     full CI: diagonal                           34         0.00          0.01       3.86      0.0
     dense CI diagonalization                    34         0.05          0.20       4.00      0.0
       sigma step 1: gather F                   340         0.01          0.06       4.02      0.0
       sigma one-electron term                  340         0.00          0.01       4.04      0.0
       sigma step 2: GEMM                       340         0.01          0.02       3.63      0.0
       sigma step 3: gather sigma               340         0.02          0.06       4.07      0.0
     RDM gather F                                68         0.00          0.01       4.00      0.0
     RDM accumulation F^H F                      68         0.01          0.02       4.04      0.0
   DMRG sweeps                                    6         2.86          3.60       1.26      1.0
     dense CI diagonalization                   124         0.33          0.49       1.48      0.1
   network RDM slot extraction                    8        11.06         11.78       1.07      3.8
     DMRG sweeps                                 68        34.21         56.76       1.66     11.7
       dense CI diagonalization                1360         4.19          8.44       2.01      1.4
     network RDM slot extraction                 68        63.99         64.28       1.00     21.9
   one-body state moments                         1         0.00          0.00       3.98      0.0
   network transition densities: applied states       1         0.02          0.08       4.00      0.0
   network transition densities: overlaps         1         0.28          0.82       2.96      0.1
   bond-dimension series                          1         3.79          4.33       1.14      1.3
     DMRG sweeps                                  2         2.48          2.48       1.00      0.8
       dense CI diagonalization                 108         0.23          0.23       1.00      0.1
   ----------------------------------------  ------  -----------  ------------  ---------  -------
   total (top-level regions)                                 292.77  s wall
   total CPU                                                 839.74  s cpu
   cost is cpu [s]; wall [s] also reflects thread count and, on a
   thermally clamped machine, time the CPU was forced to stay idle.

 -- Memory ---------------------------------------------------------------------
   limit                                                      6.000  GB   (set for this calculation)
   pre-flight estimate                                        0.265  GB
   declared peak (Kuiva arrays)                               0.123  GB
   peak resident set (VmHWM)                                  0.703  GB
