================================================================================
                                   K U I V A                                    
                 relativistic multireference quantum chemistry                  
                   example 2: atomic fine structure (B 2p^1)                    
                                 version 0.5.1                                  
                compiled kernels: disabled (KUIVA_KERNELS=numpy)                
           threads: 4 (KUIVA_NUM_THREADS); BLAS: MKL 2025.1, threaded           
================================================================================
   output file                                   output/atomic_spin_orbit.out

================================================================================
 Boron 2p, screening = 'none'                                         t = 0.07 s
================================================================================

================================================================================
 Scalar-relativistic X2C reference                                    t = 0.13 s
================================================================================
   atoms                                                          1   (B)
   charge                                                         0
   spin (2S)                                                      1

 -- Memory pre-flight ----------------------------------------------------------
   phase                     resident [GB]  transient [GB]   peak [GB]  verdict  
   ------------------------  -------------  --------------  ----------  ---------
   scalar X2C SCF                                                       external 
   two-electron integrals            0.000           0.000       0.000  ok       
   spinor MO transform               0.001           0.001       0.002  ok       
   ------------------------  -------------  --------------  ----------  ---------
   scalar X2C SCF: allocated by PySCF, not accounted for here; it is given
     mol.max_memory = the rest of the limit
     conventional AO ERI array                                0.000  GB   (nao = 14; grows as nao^4)
     three-index AO factors                                   0.000  GB   (naux ~ 112)
     three-index MO integrals B^P_pq                          0.001  GB   (28 spinors)
   memory limit                                               2.000  GB   (set for this calculation)
   planned peak                                               0.002  GB
   machine available                                         11.265  GB
   SCF reference                                               ROHF
   SCF one-electron Hamiltonian                  X2C (sfx2c1e, spin-free)
   AO basis functions                                            14
   molecular orbitals                                            14
   electrons (alpha, beta)                                     3, 2
   two-electron route                                  conventional
   gauge origin (property operators)             (0.0000, 0.0000, 0.0000) bohr   (centre of mass)
   nuclear repulsion                                 0.000000000000  Eh
   scalar X2C SCF energy                           -24.504238264341  Eh
   SCF converged                                                yes
   SCF time                                                    0.03  s wall   (0.13 s cpu)
   AO integral time                                            0.00  s wall   (0.01 s cpu)

 -- Two-component X2C spin-orbit Hamiltonian -----------------------------------
   two-component Hamiltonian                                 X2C-1e
   one-electron decoupling                                       1e   (exact molecular decoupling, pyscf)
   spin-orbit operator scale, max |w|                      0.000094  Eh
   picture-change shift vs sfx2c1e                        2.118e-08  Eh   (guess orbitals only)
   discarded time-reversal-odd part                       1.788e-11  Eh   (1.4e-12 relative)
   two-electron SOC picture change                             none   (one-electron X2C only; splittings 5-30% too large)

================================================================================
 Orthonormal working basis                                            t = 0.38 s
================================================================================
   orthogonalization scheme                               canonical
   AO basis functions                                            14
   working-basis functions                                       14
   linear-dependence threshold                             1.00e-07
   largest overlap eigenvalue                          1.919706e+00
   smallest retained overlap eigenvalue                1.767628e-01
   condition number of S (retained)                       1.086e+01

================================================================================
 Spinor expansion                                                     t = 0.38 s
================================================================================
   scalar basis functions                                        14   (working basis)
   spinors                                                       28
   Kramers pairs                                                 14
   ordering                                      interleaved (p, pbar); rows [alpha|beta]
   Kramers pairing deviation                               0.00e+00
   orthonormality error                                    1.33e-15

================================================================================
 Two-electron integrals                                               t = 0.38 s
================================================================================

 -- Cholesky decomposition of the AO two-electron integrals --------------------
   factorization                                           cholesky
   AO basis functions                                            14
   auxiliary / Cholesky vectors                                  91   (6.5 per AO)
   decomposition threshold                                 1.00e-08  Eh
   pivot selection                               complete symmetry orbits   (spherical symmetry exact by construction, not to the threshold)
   largest neglected diagonal                             2.512e-10  Eh
   factor storage                                             0.000  GB
   decomposition time                                          0.00  s wall

================================================================================
 CASSCF                                                               t = 0.40 s
================================================================================
   active space                                           CAS(1, 6)   (3 lowest Kramers pairs of l=1 character on 0 B)
   inactive / active / virtual spinors                   4 / 6 / 18
   determinants                                                   6
   state-average boundary                                  complete   (all 6 determinants averaged over)

 -- Orbital optimization -------------------------------------------------------
   inactive / active / virtual spinors                   4 / 6 / 18
   orbital rotation parameters                                  204   (complex)
   optimizer mode                                              auto   (second order below |g| = 0.0e+00)
   gradient convergence                                     1.0e-04
   maximum rotation per step                                   0.20  rad
   iter                 E [Eh]      dE [Eh]         |g|   max rot  step     wall [s]
   ----  ---------------------  -----------  ----------  --------  ------  ---------
      1       -24.503714134803   -1.556e-02   7.782e-02    0.2000  qn           0.00
      2       -24.504193909499   -4.798e-04   2.408e-02    0.0325  qn           0.00
      3       -24.504219111545   -2.520e-05   7.277e-03    0.0056  qn           0.00
      4       -24.504219320088   -2.085e-07   6.982e-04    0.0004  qn           0.00
      5       -24.504219320088    0.000e+00   9.292e-05    0.0002  qn           0.00
   ----  ---------------------  -----------  ----------  --------  ------  ---------
   converged
   second-order steps taken                                       0
   Hessian-vector products                                        0
   rejected steps                                                 0
     state                 E [Eh]     rel [cm^-1]     weight
   -------  ---------------------  --------------  ---------
         0       -24.504318655345            0.00     0.1667
         1       -24.504318655345            0.00     0.1667
         2       -24.504169688487           32.69     0.1667
         3       -24.504169688487           32.69     0.1667
         4       -24.504169616431           32.71     0.1667
         5       -24.504169616431           32.71     0.1667
   -------  ---------------------  --------------  ---------
   6 applications of H in 0 iterations
   state-average boundary                                  complete   (all 6 determinants averaged over)

================================================================================
 Property matrices                                                    t = 0.43 s
================================================================================

 -- Spin-orbit multiplets and magnetic moments ---------------------------------
   states                                                         6
   gauge origin                                  (0.0000, 0.0000, 0.0000) bohr   (centre of mass)
   free-electron g factor                                2.00231930
   inactive contribution to L                              1.24e-23  hbar   (exactly zero for a Kramers-paired inactive set)
   moment matrix hermiticity                               3.79e-16  mu_B
     block    states       E [cm^-1]       spread        g_1        g_2        g_3
   -------  --------  --------------  -----------  ---------  ---------  ---------
         0         2            0.00    0.000e+00     0.6656     0.6656     0.6665
         1         4           32.70    1.581e-02     1.3340     1.3341     1.3341
   -------  --------  --------------  -----------  ---------  ---------  ---------
   g values are principal values of M_ij = Tr_block(mu_i mu_j); phases are arbitrary 
 *** WARNING [props.dump] the property operators L and S carry NO picture-change transformation : they are the bare non-relativistic AO operators used unchanged in the two-component basis. This matches OpenMolcas RASSI, so a cross-code comparison is like-for-like, but the size of the approximation has not been measured. It is recorded in the header of boron_none.props

   property matrices written to                  /home/akseli/Programs/kuiva/examples/02_atomic_spin_orbit/output/boron_none.props   (6 states, 10 matrices)

================================================================================
 Boron 2p, screening = 'x2camf'                                       t = 0.43 s
================================================================================

================================================================================
 Scalar-relativistic X2C reference                                    t = 0.43 s
================================================================================
   atoms                                                          1   (B)
   charge                                                         0
   spin (2S)                                                      1

 -- Memory pre-flight ----------------------------------------------------------
   phase                     resident [GB]  transient [GB]   peak [GB]  verdict  
   ------------------------  -------------  --------------  ----------  ---------
   scalar X2C SCF                                                       external 
   two-electron integrals            0.000           0.000       0.000  ok       
   two-electron SOC picture change          0.000           0.000       0.000  ok       
   spinor MO transform               0.002           0.001       0.002  ok       
   ------------------------  -------------  --------------  ----------  ---------
   scalar X2C SCF: allocated by PySCF, not accounted for here; it is given
     mol.max_memory = the rest of the limit
     conventional AO ERI array                                0.000  GB   (nao = 14; grows as nao^4)
     three-index AO factors                                   0.000  GB   (naux ~ 112)
     assembled AMF correction                                 0.000  GB   (h_sf and the three w_k over nao = 14)
     three-index MO integrals B^P_pq                          0.001  GB   (28 spinors)
   memory limit                                               2.000  GB   (set for this calculation)
   planned peak                                               0.002  GB
   machine available                                         11.265  GB
   SCF reference                                               ROHF
   SCF one-electron Hamiltonian                  X2C (sfx2c1e, spin-free)
   AO basis functions                                            14
   molecular orbitals                                            14
   electrons (alpha, beta)                                     3, 2
   two-electron route                                  conventional
   gauge origin (property operators)             (0.0000, 0.0000, 0.0000) bohr   (centre of mass)
   nuclear repulsion                                 0.000000000000  Eh
   scalar X2C SCF energy                           -24.504238264341  Eh
   SCF converged                                                yes
   SCF time                                                    0.03  s wall   (0.12 s cpu)
   AO integral time                                            0.00  s wall   (0.01 s cpu)

 -- Two-component X2C spin-orbit Hamiltonian -----------------------------------
   two-component Hamiltonian                                X2C-AMF
   one-electron decoupling                                       1e   (exact molecular decoupling, pyscf)
   spin-orbit operator scale, max |w|                      0.000056  Eh
   picture-change shift vs sfx2c1e                        7.016e-04  Eh   (guess orbitals only)
   discarded time-reversal-odd part                       1.788e-11  Eh   (1.4e-12 relative)
   two-electron SOC picture change                           x2camf
   atomic reference interaction                             coulomb
   atomic reference backend                            pyscf 2.14.0
   elements corrected                                             B
   reference configurations                                B: s4 p1
   spin-free correction, max |dh_sf|                   7.015972e-04  Eh
   spin-orbit correction, max |dw|                     3.767954e-05  Eh
   discarded time-reversal-odd part                       5.631e-13  Eh   (5.2e-14 relative)

================================================================================
 Orthonormal working basis                                            t = 0.79 s
================================================================================
   orthogonalization scheme                               canonical
   AO basis functions                                            14
   working-basis functions                                       14
   linear-dependence threshold                             1.00e-07
   largest overlap eigenvalue                          1.919706e+00
   smallest retained overlap eigenvalue                1.767628e-01
   condition number of S (retained)                       1.086e+01

================================================================================
 Spinor expansion                                                     t = 0.79 s
================================================================================
   scalar basis functions                                        14   (working basis)
   spinors                                                       28
   Kramers pairs                                                 14
   ordering                                      interleaved (p, pbar); rows [alpha|beta]
   Kramers pairing deviation                               0.00e+00
   orthonormality error                                    2.07e-15

================================================================================
 Two-electron integrals                                               t = 0.79 s
================================================================================

 -- Cholesky decomposition of the AO two-electron integrals --------------------
   factorization                                           cholesky
   AO basis functions                                            14
   auxiliary / Cholesky vectors                                  91   (6.5 per AO)
   decomposition threshold                                 1.00e-08  Eh
   pivot selection                               complete symmetry orbits   (spherical symmetry exact by construction, not to the threshold)
   largest neglected diagonal                             2.512e-10  Eh
   factor storage                                             0.000  GB
   decomposition time                                          0.00  s wall

================================================================================
 CASSCF                                                               t = 0.79 s
================================================================================
   active space                                           CAS(1, 6)   (3 lowest Kramers pairs of l=1 character on 0 B)
   inactive / active / virtual spinors                   4 / 6 / 18
   determinants                                                   6
   state-average boundary                                  complete   (all 6 determinants averaged over)

 -- Orbital optimization -------------------------------------------------------
   inactive / active / virtual spinors                   4 / 6 / 18
   orbital rotation parameters                                  204   (complex)
   optimizer mode                                              auto   (second order below |g| = 0.0e+00)
   gradient convergence                                     1.0e-04
   maximum rotation per step                                   0.20  rad
   iter                 E [Eh]      dE [Eh]         |g|   max rot  step     wall [s]
   ----  ---------------------  -----------  ----------  --------  ------  ---------
      1       -24.505173756465   -1.556e-02   7.790e-02    0.2000  qn           0.00
      2       -24.505653102704   -4.793e-04   2.405e-02    0.0325  qn           0.00
      3       -24.505678285243   -2.518e-05   7.275e-03    0.0056  qn           0.00
      4       -24.505678494390   -2.091e-07   6.993e-04    0.0004  qn           0.00
      5       -24.505678494390    0.000e+00   9.275e-05    0.0002  qn           0.00
   ----  ---------------------  -----------  ----------  --------  ------  ---------
   converged
   second-order steps taken                                       0
   Hessian-vector products                                        0
   rejected steps                                                 0
     state                 E [Eh]     rel [cm^-1]     weight
   -------  ---------------------  --------------  ---------
         0       -24.505735286896            0.00     0.1667
         1       -24.505735286896            0.00     0.1667
         2       -24.505650134194           18.69     0.1667
         3       -24.505650134194           18.69     0.1667
         4       -24.505650062078           18.70     0.1667
         5       -24.505650062078           18.70     0.1667
   -------  ---------------------  --------------  ---------
   6 applications of H in 0 iterations
   state-average boundary                                  complete   (all 6 determinants averaged over)

================================================================================
 Property matrices                                                    t = 0.82 s
================================================================================

 -- Spin-orbit multiplets and magnetic moments ---------------------------------
   states                                                         6
   gauge origin                                  (0.0000, 0.0000, 0.0000) bohr   (centre of mass)
   free-electron g factor                                2.00231930
   inactive contribution to L                              9.15e-24  hbar   (exactly zero for a Kramers-paired inactive set)
   moment matrix hermiticity                               2.99e-16  mu_B
     block    states       E [cm^-1]       spread        g_1        g_2        g_3
   -------  --------  --------------  -----------  ---------  ---------  ---------
         0         2            0.00    0.000e+00     0.6653     0.6653     0.6670
         1         4           18.70    1.583e-02     1.3340     1.3342     1.3342
   -------  --------  --------------  -----------  ---------  ---------  ---------
   g values are principal values of M_ij = Tr_block(mu_i mu_j); phases are arbitrary 
 *** WARNING [props.dump] the property operators L and S carry NO picture-change transformation : they are the bare non-relativistic AO operators used unchanged in the two-component basis. This matches OpenMolcas RASSI, so a cross-code comparison is like-for-like, but the size of the approximation has not been measured. It is recorded in the header of boron_x2camf.props

   property matrices written to                  /home/akseli/Programs/kuiva/examples/02_atomic_spin_orbit/output/boron_x2camf.props   (6 states, 10 matrices)

================================================================================
 Fine structure                                                       t = 0.82 s
================================================================================

 -- boron 2p^1, screening = 'none' ---------------------------------------------
     state                 E [Eh]     rel [cm^-1]
   -------  ---------------------  --------------
         0       -24.504318655345            0.00
         1       -24.504318655345            0.00
         2       -24.504169688487           32.69
         3       -24.504169688487           32.69
         4       -24.504169616431           32.71
         5       -24.504169616431           32.71
   -------  ---------------------  --------------
     level    states     rel [cm^-1]    spread [cm^-1]  g principal values            Lande     
   -------  --------  --------------  ----------------  ----------------------------  ----------
         0         2            0.00         0.000e+00  0.66557  0.66557  0.66654     0.66589   
         1         4           32.70         1.581e-02  1.33404  1.33414  1.33414     1.33411   
   -------  --------  --------------  ----------------  ----------------------------  ----------
   j = 1/2 (2 states) and j = 3/2 (4 states); the pattern is a theorem

 -- boron 2p^1, screening = 'x2camf' -------------------------------------------
     state                 E [Eh]     rel [cm^-1]
   -------  ---------------------  --------------
         0       -24.505735286896            0.00
         1       -24.505735286896            0.00
         2       -24.505650134194           18.69
         3       -24.505650134194           18.69
         4       -24.505650062078           18.70
         5       -24.505650062078           18.70
   -------  ---------------------  --------------
     level    states     rel [cm^-1]    spread [cm^-1]  g principal values            Lande     
   -------  --------  --------------  ----------------  ----------------------------  ----------
         0         2            0.00         0.000e+00  0.66533  0.66533  0.66703     0.66589   
         1         4           18.70         1.583e-02  1.33399  1.33416  1.33416     1.33411   
   -------  --------  --------------  ----------------  ----------------------------  ----------
   j = 1/2 (2 states) and j = 3/2 (4 states); the pattern is a theorem
   spin-orbit Hamiltonian                2P3/2 - 2P1/2 [cm^-1]    vs experiment
   ----------------------------------  -----------------------  ---------------
   X2C-1e (one-electron only)                            32.70          +114.4%
   X2C-AMF (default: + 2e screening)                     18.70           +22.6%
   ----------------------------------  -----------------------  ---------------
   experiment: 15.254 cm^-1 (NIST). An anchor, not a target -- see the file header
   two-electron screening reduces the splitting by              42.8  %
   largest spread inside a level (X2C-AMF)                1.583e-02  cm^-1   (must be zero to the physics)
   state average                                           complete   (all six determinants were used)
   the screening always makes the splitting smaller, and the structural
   statements -- the 2+4 pattern, the exact level degeneracies, the g
   values -- all survive it. A correction that broke one of them would be
   producing a plausible number for a broken reason.

================================================================================
 Result                                                               t = 0.82 s
================================================================================
   check                                                           verdict   
   --------------------------------------------------------------  ----------
   the 2p shell splits into j = 1/2 + j = 3/2 (none)               ok        
   each level is degenerate to better than 0.1 cm^-1 (none)        ok        
   both levels carry their Lande g factor (none)                   ok        
   the CASSCF converged (none)                                     ok        
   the state average uses the whole determinant space (none)       ok        
   the 2p shell splits into j = 1/2 + j = 3/2 (x2camf)             ok        
   each level is degenerate to better than 0.1 cm^-1 (x2camf)      ok        
   both levels carry their Lande g factor (x2camf)                 ok        
   the CASSCF converged (x2camf)                                   ok        
   the state average uses the whole determinant space (x2camf)     ok        
   two-electron screening reduces the splitting                    ok        
   --------------------------------------------------------------  ----------
   checks                                             all 11 passed

================================================================================
 Timings                                                              t = 0.82 s
================================================================================
   region                           calls     wall [s]       cpu [s]   cpu/wall   % wall
   ------------------------------  ------  -----------  ------------  ---------  -------
   scalar X2C SCF                       2         0.06          0.25       3.99     14.2
   AO integrals                         2         0.00          0.02       3.96      1.1
     angular-momentum integrals         2         0.00          0.00       4.01      0.0
   X2C spin-orbit integrals             2         0.01          0.03       3.99      1.5
   orthogonalization (canonical)        2         0.00          0.00       4.00      0.1
   Cholesky decomposition               2         0.01          0.03       4.00      1.7
   CAS determinant addressing           2         0.00          0.00       3.91      0.0
   CAS excitation map                   2         0.00          0.00       3.97      0.1
   CAS integrals                        6         0.00          0.02       4.00      1.0
     J/K build                          6         0.00          0.01       4.01      0.4
     3-index transform                  6         0.00          0.01       4.00      0.3
   full CI: diagonal                    2         0.00          0.00       4.01      0.0
   dense CI diagonalization             2         0.00          0.01       4.00      0.4
     sigma step 1: gather F            12         0.00          0.00       4.05      0.1
     sigma step 2: GEMM                12         0.00          0.00       4.00      0.0
     sigma step 3: gather sigma        12         0.00          0.00       4.06      0.1
     sigma one-electron term           12         0.00          0.00       4.18      0.0
   RDM gather F                        12         0.00          0.00       4.02      0.1
   RDM accumulation F^H F              12         0.00          0.00       4.05      0.1
   macro-iteration                     10         0.04          0.16       4.00      9.1
     J/K build                         18         0.01          0.04       4.00      2.3
     CAS integrals                      8         0.01          0.03       4.01      1.7
       J/K build                        8         0.00          0.01       4.01      0.6
       3-index transform                8         0.00          0.01       4.00      0.7
     full CI: diagonal                  8         0.00          0.00       3.99      0.1
     dense CI diagonalization           8         0.01          0.02       4.00      1.4
       sigma step 1: gather F          48         0.00          0.01       4.04      0.4
       sigma step 2: GEMM              48         0.00          0.00       4.06      0.1
       sigma step 3: gather sigma      48         0.00          0.01       4.04      0.4
       sigma one-electron term         48         0.00          0.00       4.09      0.1
     RDM gather F                      48         0.00          0.01       4.01      0.4
     RDM accumulation F^H F            48         0.00          0.01       4.06      0.4
   transition densities                 2         0.00          0.00       4.00      0.1
   atomic mean-field correction         1         0.31          1.25       4.00     70.4
     atomic 4c solve                    1         0.30          1.20       4.00     67.4
       atomic 4c DHF                    1         0.28          1.11       3.99     62.3
     atomic mean-field decoupling       1         0.01          0.04       4.00      2.1
   ------------------------------  ------  -----------  ------------  ---------  -------
   total (top-level regions)                                   0.44  s wall
   total CPU                                                   1.78  s cpu
   cost is cpu [s]; wall [s] also reflects thread count and, on a
   thermally clamped machine, time the CPU was forced to stay idle.
