================================================================================
                                   K U I V A                                    
                 relativistic multireference quantum chemistry                  
                    example 3: two-component CASSCF on TiCl3                    
                                 version 0.14.0                                 
                compiled kernels: disabled (KUIVA_KERNELS=numpy)                
           threads: 4 (KUIVA_NUM_THREADS); BLAS: MKL 2025.1, threaded           
================================================================================
   output file                                   output/casscf_ligand_field.out

================================================================================
 Scalar-relativistic X2C reference                                    t = 0.12 s
================================================================================
   atoms                                                          4   (Cl Ti)
   charge                                                         0
   spin (2S)                                                      1

 -- Memory pre-flight ----------------------------------------------------------
   phase                     resident [GB]  transient [GB]   peak [GB]  verdict  
   ------------------------  -------------  --------------  ----------  ---------
   scalar X2C SCF                                                       external 
   two-electron integrals            0.168           0.000       0.168  ok       
   two-electron SOC picture change          0.168           0.000       0.168  ok       
   spinor MO transform               0.456           0.247       0.703  ok       
   ------------------------  -------------  --------------  ----------  ---------
   scalar X2C SCF: allocated by PySCF, not accounted for here; it is given
     mol.max_memory = the rest of the limit
     conventional AO ERI array                                0.115  GB   (nao = 105; grows as nao^4)
     three-index AO factors                                   0.052  GB   (naux ~ 1260)
     assembled AMF correction                                 0.000  GB   (h_sf and the three w_k over nao = 105)
     three-index MO block B^P_p,occ                           0.288  GB   (210 spinors x 73 occupied)
   memory limit                                               6.000  GB   (set for this calculation)
   planned peak                                               0.703  GB
   machine available                                         10.780  GB
   SCF reference                                               ROHF
   SCF one-electron Hamiltonian                  X2C (sfx2c1e, spin-free)
   AO basis functions                                           105
   molecular orbitals                                           105
   electrons (alpha, beta)                                   37, 36
   two-electron route                                  conventional
   gauge origin (property operators)             (-0.0000, 0.0000, 0.0000) bohr   (centre of mass)
   nuclear repulsion                               381.610309039030  Eh
   scalar X2C SCF energy                         -2235.138328803089  Eh
   SCF converged                                                yes
   SCF time                                                    1.37  s wall   (5.46 s cpu)
   AO integral time                                            0.77  s wall   (3.08 s cpu)

 -- Two-component X2C spin-orbit Hamiltonian -----------------------------------
   two-component Hamiltonian                                X2C-AMF
   one-electron decoupling                                       1e   (exact molecular decoupling, pyscf)
   spin-orbit operator scale, max |w|                      0.071316  Eh
   picture-change shift vs sfx2c1e                        7.593e-02  Eh   (guess orbitals only)
   discarded time-reversal-odd part                       1.334e-11  Eh   (5.2e-14 relative)
   two-electron SOC picture change                           x2camf
   atomic reference interaction                             coulomb
   atomic reference backend                            pyscf 2.14.0
   elements corrected                                        Ti, Cl
   reference configurations                      Cl: s6 p11, Ti: s8 p12 d2
   spin-free correction, max |dh_sf|                   7.592974e-02  Eh
   spin-orbit correction, max |dw|                     8.384170e-03  Eh
   discarded time-reversal-odd part                       6.493e-10  Eh   (7.1e-12 relative)

================================================================================
 Orthonormal working basis                                           t = 61.54 s
================================================================================
   orthogonalization scheme                               canonical
   AO basis functions                                           105
   working-basis functions                                      105
   linear-dependence threshold                             1.00e-07
   largest overlap eigenvalue                          3.329457e+00
   smallest retained overlap eigenvalue                1.511162e-05
   condition number of S (retained)                       2.203e+05

================================================================================
 Spinor expansion                                                    t = 61.54 s
================================================================================
   scalar basis functions                                       105   (working basis)
   spinors                                                      210
   Kramers pairs                                                105
   ordering                                      interleaved (p, pbar); rows [alpha|beta]
   Kramers pairing deviation                               0.00e+00
   orthonormality error                                    3.01e-11

================================================================================
 Two-electron integrals                                              t = 61.54 s
================================================================================

 -- Cholesky decomposition of the AO two-electron integrals --------------------
   factorization                                           cholesky
   AO basis functions                                           105
   auxiliary / Cholesky vectors                                1139   (10.8 per AO)
   decomposition threshold                                 1.00e-08  Eh
   pivot selection                               complete symmetry orbits   (spherical symmetry exact by construction, not to the threshold)
   largest neglected diagonal                             9.968e-09  Eh
   factor storage                                             0.047  GB
   matrix elements                               stored AO integral array
   decomposition time                                          1.22  s wall

================================================================================
 Problem                                                             t = 62.76 s
================================================================================
   system                                                     TiCl3   (planar D3h, Ti-Cl = 2.25 A)
   physics                                       Ti(III) d^1 in a ligand field
   basis                                              x2c-SVPall-2c
   spinors                                                      210
   active space                                          CAS(1, 10)   (the Ti 3d shell, selected by orbital character)
   CASSCF roots                                                   2   (the ground Kramers doublet)
   CASCI roots at the converged orbitals                         10   (5 Kramers doublets)

================================================================================
 CASSCF                                                              t = 62.77 s
================================================================================
   active space                                          CAS(1, 10)   (5 lowest Kramers pairs of l=2 character on 1 Ti)
   inactive / active / virtual spinors                72 / 10 / 128
   determinants                                                  10
   state-average boundary gap                              15433.24  cm^-1   (to root 3 of 10, at the starting orbitals)

 -- Orbital optimization -------------------------------------------------------
   inactive / active / virtual spinors                72 / 10 / 128
   orbital rotation parameters                                11216   (complex)
   optimizer mode                                              auto   (second order below |g| = 0.0e+00)
   gradient convergence                                     1.0e-04
   maximum rotation per step                                   0.20  rad
   iter                 E [Eh]      dE [Eh]         |g|   max rot  step     wall [s]
   ----  ---------------------  -----------  ----------  --------  ------  ---------
      1     -2235.582958076734   -6.242e-03   1.938e+00    0.0020  qn           2.34
      2     -2235.583056367003   -9.829e-05   7.817e-02    0.0004  qn           2.38
      3     -2235.583075699362   -1.933e-05   1.090e-02    0.0003  qn           2.39
      4     -2235.583099222541   -2.352e-05   1.485e-02    0.0009  qn           2.38
      5     -2235.583106589798   -7.367e-06   1.203e-02    0.0012  qn           2.39
      6     -2235.583113939581   -7.350e-06   4.350e-02    0.0005  qn           2.39
      7     -2235.583116027221   -2.088e-06   5.745e-03    0.0003  qn           2.38
      8     -2235.583119661601   -3.634e-06   5.594e-03    0.0011  qn           2.38
      9     -2235.583122830029   -3.168e-06   4.923e-03    0.0019  qn           2.38
     10     -2235.583125768431   -2.938e-06   2.707e-02    0.0012  qn           2.38
     11     -2235.583127120391   -1.352e-06   8.036e-03    0.0006  qn           2.39
     12     -2235.583127748601   -6.282e-07   3.355e-03    0.0004  qn           2.39
     13     -2235.583127765586   -1.698e-08   6.235e-03    0.0002  qn           2.38
     14     -2235.583128002085   -2.365e-07   1.388e-02    0.0001  qn           2.38
     15     -2235.583128011443   -9.358e-09   1.101e-03    0.0000  qn           2.39
     16     -2235.583128018235   -6.792e-09   1.278e-04    0.0000  qn           2.42
     17     -2235.583128020670   -2.435e-09   3.891e-04    0.0000  qn           2.39
     18     -2235.583128022767   -2.096e-09   5.815e-04    0.0000  qn           2.38
     19     -2235.583128023030   -2.628e-10   1.388e-04    0.0000  qn           2.39
     20     -2235.583128023030    0.000e+00   3.208e-05    0.0000  qn           0.56
   ----  ---------------------  -----------  ----------  --------  ------  ---------
   converged
   second-order steps taken                                       0
   Hessian-vector products                                        0
   rejected steps                                                 0
     state                 E [Eh]     rel [cm^-1]     weight
   -------  ---------------------  --------------  ---------
         0     -2235.583128023030            0.00     0.5000
         1     -2235.583128023030            0.00     0.5000
   -------  ---------------------  --------------  ---------
   10 applications of H in 0 iterations
   state-average boundary gap                              15442.34  cm^-1   (to root 3 of 10, at the converged orbitals)

================================================================================
 The finished CASSCF stage                                          t = 111.64 s
================================================================================
CASSCF
  active space     : CAS(1, 10)  5 lowest Kramers pairs of l=2 character on 1 Ti
  solver           : ci
  E(CASSCF) [Eh]   : -2235.583128023030
  converged        : True
  macro-iterations : 20
  |grad|           : 3.21e-05
  states           : 2
   states averaged over                                     2 of 10
   gap at the starting orbitals                            15433.24  cm^-1
   gap at the converged orbitals                           15442.34  cm^-1
   boundary unambiguous                                         yes

================================================================================
 The spin-orbit spectrum at the converged orbitals                  t = 111.64 s
================================================================================

================================================================================
 CASCI                                                              t = 111.64 s
================================================================================
   active space                                          CAS(1, 10)   (10 explicit spinors)
   inactive / active / virtual spinors                72 / 10 / 128
   determinants                                                  10

 -- CASCI ----------------------------------------------------------------------
   active space                                          CAS(1, 10)
   determinants                                                  10
   states                                                        10
     state                 E [Eh]     rel [cm^-1]     weight
   -------  ---------------------  --------------  ---------
         0     -2235.583128023030            0.00     0.1000
         1     -2235.583128023030            0.00     0.1000
         2     -2235.512767554563        15442.34     0.1000
         3     -2235.512767554563        15442.34     0.1000
         4     -2235.512408101027        15521.23     0.1000
         5     -2235.512408101027        15521.23     0.1000
         6     -2235.474314449435        23881.82     0.1000
         7     -2235.474314449435        23881.82     0.1000
         8     -2235.473967026293        23958.07     0.1000
         9     -2235.473967026293        23958.07     0.1000
   -------  ---------------------  --------------  ---------
   10 applications of H in 0 iterations

 -- TiCl3 d^1 in D3h -----------------------------------------------------------
     state                 E [Eh]     rel [cm^-1]    pair split [Eh]
   -------  ---------------------  --------------  -----------------
         0     -2235.583128023030            0.00                   
         1     -2235.583128023030            0.00          0.000e+00
         2     -2235.512767554563        15442.34                   
         3     -2235.512767554563        15442.34          0.000e+00
         4     -2235.512408101027        15521.23                   
         5     -2235.512408101027        15521.23          0.000e+00
         6     -2235.474314449435        23881.82                   
         7     -2235.474314449435        23881.82          0.000e+00
         8     -2235.473967026293        23958.07                   
         9     -2235.473967026293        23958.07          0.000e+00
   -------  ---------------------  --------------  -----------------
   5 Kramers doublets; the split column is the numerical degeneracy
   Kramers doublets                                               5
   largest pair splitting                                 0.000e+00  Eh
   ligand-field span                                       23958.07  cm^-1
   the CI is already two-component, so these roots ARE the spin-orbit
   eigenstates. There is no separate spin-orbit mixing step and no
   spin-free intermediate to interpret.
   Ti d character of the converged active pairs       74.7% - 94.0%

 -- Atomic-reference charges (SCF guess vs converged CASSCF) -------------------
   q(Ti), SCF guess density                                 +1.8794
   q(Ti), CASSCF state-averaged density                     +1.8795
   q(Cl), CASSCF                                            -0.6265
   the titanium is unambiguously positive, as Ti(III) must be -- the
   number a plain Loewdin partition gets qualitatively wrong here.

================================================================================
 Per-atom basis and reference state (front end only)                t = 112.93 s
================================================================================

================================================================================
 Scalar-relativistic X2C reference                                  t = 112.93 s
================================================================================
   atoms                                                          4   (Cl Ti)
   charge                                                         0
   spin (2S)                                                      1

 -- Memory pre-flight ----------------------------------------------------------
   phase                     resident [GB]  transient [GB]   peak [GB]  verdict  
   ------------------------  -------------  --------------  ----------  ---------
   scalar X2C SCF                                                       external 
   two-electron integrals            0.512           0.000       0.512  ok       
   spinor MO transform               0.913           0.371       1.284  ok       
   ------------------------  -------------  --------------  ----------  ---------
   scalar X2C SCF: allocated by PySCF, not accounted for here; it is given
     mol.max_memory = the rest of the limit
     conventional AO ERI array                                0.224  GB   (nao = 124; grows as nao^4)
     three-index AO factors                                   0.086  GB   (naux ~ 1488)
     three-index MO block B^P_p,occ                           0.401  GB   (248 spinors x 73 occupied)
   memory limit                                               6.000  GB   (set for this calculation)
   planned peak                                               1.284  GB
   machine available                                         10.326  GB
   SCF reference                                               ROHF
   SCF one-electron Hamiltonian                  X2C (sfx2c1e, spin-free)
   AO basis functions                                           124
   molecular orbitals                                           124
   electrons (alpha, beta)                                   37, 36
   two-electron route                                  conventional
   gauge origin (property operators)             (-0.0000, 0.0000, 0.0000) bohr   (centre of mass)
   nuclear repulsion                               381.610309039030  Eh
   scalar X2C SCF energy                         -2235.311793815517  Eh
   SCF converged                                                yes
   SCF time                                                    2.10  s wall   (8.41 s cpu)
   AO integral time                                            1.01  s wall   (4.04 s cpu)

 -- Two-component X2C spin-orbit Hamiltonian -----------------------------------
   two-component Hamiltonian                                 X2C-1e
   one-electron decoupling                                       1e   (exact molecular decoupling, pyscf)
   spin-orbit operator scale, max |w|                      0.079700  Eh
   picture-change shift vs sfx2c1e                        5.876e-04  Eh   (guess orbitals only)
   discarded time-reversal-odd part                       2.456e-11  Eh   (9.6e-14 relative)
   two-electron SOC picture change                             none   (one-electron X2C only; splittings 5-30% too large)

================================================================================
 Orthonormal working basis                                          t = 116.77 s
================================================================================
   orthogonalization scheme                               canonical
   AO basis functions                                           124
   working-basis functions                                      124
   linear-dependence threshold                             1.00e-07
   largest overlap eigenvalue                          3.507784e+00
   smallest retained overlap eigenvalue                9.380467e-06
   condition number of S (retained)                       3.739e+05

================================================================================
 Spinor expansion                                                   t = 116.77 s
================================================================================
   scalar basis functions                                       124   (working basis)
   spinors                                                      248
   Kramers pairs                                                124
   ordering                                      interleaved (p, pbar); rows [alpha|beta]
   Kramers pairing deviation                               0.00e+00
   orthonormality error                                    7.98e-11

================================================================================
 Two-electron integrals                                             t = 116.77 s
================================================================================

 -- Cholesky decomposition of the AO two-electron integrals --------------------
   factorization                                           cholesky
   AO basis functions                                           124
   auxiliary / Cholesky vectors                                1332   (10.7 per AO)
   decomposition threshold                                 1.00e-08  Eh
   pivot selection                               complete symmetry orbits   (spherical symmetry exact by construction, not to the threshold)
   largest neglected diagonal                             9.811e-09  Eh
   factor storage                                             0.077  GB
   matrix elements                               stored AO integral array
   decomposition time                                          2.04  s wall

 -- Atomic-reference charges ---------------------------------------------------
   atom            Z   population      charge
   ----------  -----  -----------  ----------
   1 Ti           22      19.6159     +2.3841
   2 Cl           17      17.8142     -0.8142
   3 Cl           17      17.7849     -0.7849
   4 Cl           17      17.7849     -0.7849
   ----------  -----  -----------  ----------
   total charge +0.0000
   reference state, Cl2                           Cl neutral ground
   reference state, Cl3                           Cl neutral ground
   reference state, Cl4                           Cl neutral ground
   reference state, Ti                                       Ti(+3)
 *** WARNING [props.population] one or more atomic-reference states differ from the per-element defaults (the atomic mean field's: neutral atom, trivalent ion on the f block). These charges are NOT comparable with charges computed against the default references.
   AO functions (uniform SVP was 105)                           124
   q(Ti) against the Ti(3+) reference                       +2.3841

================================================================================
 Result                                                             t = 118.82 s
================================================================================
   check                                                           verdict   
   --------------------------------------------------------------  ----------
   the CASSCF converged                                            ok        
   five Kramers doublets in the spectrum                           ok        
   the pairs are degenerate to better than 1e-06 Eh                ok        
   the CASCI at converged orbitals reproduces the CASSCF doublet   ok        
   the state average is unambiguous at both ends                   ok        
   the boundary gap exceeds 1e+04 cm^-1 at both ends               ok        
   the converged active space really is Ti d                       ok        
   the atomic-reference charge is Ti(III)-like positive            ok        
   the correlated density moves the charge smoothly, not qualitatively  ok        
   the per-atom basis upgraded exactly one chlorine                ok        
   per-atom labels are decorated where atoms differ                ok        
   the overridden reference is announced as non-default            ok        
   --------------------------------------------------------------  ----------
   checks                                             all 12 passed

================================================================================
 Timings                                                            t = 118.82 s
================================================================================
   region                           calls     wall [s]       cpu [s]   cpu/wall   % wall
   ------------------------------  ------  -----------  ------------  ---------  -------
   scalar X2C SCF                       2         3.47         13.87       4.00      2.9
   AO integrals                         2         1.78          7.12       4.00      1.5
     angular-momentum integrals         2         0.00          0.00       3.99      0.0
   X2C spin-orbit integrals             2         0.79          3.16       4.00      0.7
   atomic mean-field correction         1        58.38        233.53       4.00     49.3
     atomic 4c solve                    2        58.07        232.27       4.00     49.1
       atomic 4c DHF                    2        53.13        212.53       4.00     44.9
     atomic mean-field decoupling       2         0.31          1.22       4.00      0.3
   atomic reference orbitals            4         0.50          2.00       4.00      0.4
   orthogonalization (canonical)        2         0.00          0.01       4.00      0.0
   Cholesky decomposition               2         3.26         13.04       4.00      2.8
   CAS determinant addressing           2         0.00          0.00       3.97      0.0
   CAS excitation map                   2         0.00          0.00       4.04      0.0
   CAS integrals                        4         4.26         14.13       3.32      3.6
     J/K build                          4         2.62          8.93       3.41      2.2
     3-index transform                  4         1.59          4.97       3.14      1.3
   dense CI diagonalization             4         0.01          0.02       4.00      0.0
     sigma step 1: gather F            40         0.00          0.01       4.04      0.0
     sigma step 2: GEMM                40         0.00          0.00       2.35      0.0
     sigma step 3: gather sigma        40         0.00          0.01       4.01      0.0
     sigma one-electron term           40         0.00          0.00       4.10      0.0
   full CI: diagonal                    2         0.00          0.00       3.93      0.0
   RDM gather F                        12         0.00          0.00       3.98      0.0
   RDM accumulation F^H F              12         0.00          0.00       4.01      0.0
   macro-iteration                     20        45.87        155.47       3.39     38.8
     J/K build                         39        20.51         68.71       3.35     17.3
     CAS integrals                     19        24.06         81.59       3.39     20.3
       J/K build                       19        15.53         54.01       3.48     13.1
       3-index transform               19         8.22         26.34       3.20      6.9
     full CI: diagonal                 19         0.00          0.00       3.84      0.0
     dense CI diagonalization          19         0.03          0.11       4.00      0.0
       sigma step 1: gather F         190         0.01          0.03       4.04      0.0
       sigma step 2: GEMM             190         0.00          0.01       2.13      0.0
       sigma step 3: gather sigma     190         0.01          0.03       4.02      0.0
       sigma one-electron term        190         0.00          0.01       4.17      0.0
     RDM gather F                      38         0.00          0.01       4.00      0.0
     RDM accumulation F^H F            38         0.00          0.01       4.04      0.0
   ------------------------------  ------  -----------  ------------  ---------  -------
   total (top-level regions)                                 118.32  s wall
   total CPU                                                 442.37  s cpu
   cost is cpu [s]; wall [s] also reflects thread count and, on a
   thermally clamped machine, time the CPU was forced to stay idle.

 -- Memory ---------------------------------------------------------------------
   limit                                                      6.000  GB   (set for this calculation)
   pre-flight estimate                                        1.284  GB
   declared peak (Kuiva arrays)                               0.503  GB
   peak resident set (VmHWM)                                  1.230  GB
