================================================================================
                                   K U I V A                                    
                 relativistic multireference quantum chemistry                  
                    example 5: SC-NEVPT2 on the oxygen atom                     
                                 version 0.25.1                                 
                compiled kernels: disabled (KUIVA_KERNELS=numpy)                
           threads: 4 (KUIVA_NUM_THREADS); BLAS: MKL 2025.1, threaded           
================================================================================
   output file                                    output/nevpt2.out

================================================================================
 Scalar-relativistic X2C reference                                    t = 0.17 s
================================================================================
   atoms                                                          1   (O)
   charge                                                         0
   spin (2S)                                                      2

 -- Memory pre-flight ----------------------------------------------------------
   phase                     resident [GB]  transient [GB]   peak [GB]  verdict  
   ------------------------  -------------  --------------  ----------  ---------
   scalar X2C SCF                                                       external 
   two-electron integrals            0.000           0.000       0.000  ok       
   two-electron SOC picture change          0.000           0.000       0.000  ok       
   spinor MO transform               0.001           0.001       0.001  ok       
   ------------------------  -------------  --------------  ----------  ---------
   scalar X2C SCF: allocated by PySCF, not accounted for here; it is given
     mol.max_memory = the rest of the limit
     conventional AO ERI array                                0.000  GB   (nao = 14; grows as nao^4)
     three-index AO factors                                   0.000  GB   (naux ~ 168)
     assembled AMF correction                                 0.000  GB   (h_sf and the three w_k over nao = 14)
     three-index MO block B^P_p,occ                           0.001  GB   (28 spinors x 8 occupied)
   memory limit                                               2.000  GB   (set for this calculation)
   planned peak                                               0.001  GB
   machine available                                         12.832  GB
   SCF reference                                               ROHF
   SCF one-electron Hamiltonian                  X2C (sfx2c1e, spin-free)
   AO basis functions                                            14
   molecular orbitals                                            14
   electrons (alpha, beta)                                     5, 3
   two-electron route                                  conventional
   gauge origin (property operators)             (0.0000, 0.0000, 0.0000) bohr   (centre of mass)
   nuclear repulsion                                 0.000000000000  Eh
   scalar X2C SCF energy                           -74.766714809114  Eh
   SCF converged                                                yes
   SCF time                                                    0.03  s wall   (0.13 s cpu)
   AO integral time                                            0.00  s wall   (0.01 s cpu)

 -- Two-component X2C spin-orbit Hamiltonian -----------------------------------
   two-component Hamiltonian                                X2C-AMF
   one-electron decoupling                                       1e   (exact molecular decoupling, pyscf)
   nuclear charge model                                       point
   spin-orbit operator scale, max |w|                      0.000675  Eh
   picture-change shift vs sfx2c1e                        3.138e-03  Eh   (guess orbitals only)
   discarded time-reversal-odd part                       1.282e-11  Eh   (4.0e-13 relative)
   two-electron SOC picture change                           x2camf
   atomic reference interaction                             coulomb
   atomic reference backend                            pyscf 2.14.0
   elements corrected                                             O
   reference configurations                                O: s4 p4
   spin-free correction, max |dh_sf|                   3.137573e-03  Eh
   spin-orbit correction, max |dw|                     2.376598e-04  Eh
   discarded time-reversal-odd part                       6.150e-12  Eh   (2.9e-13 relative)

================================================================================
 Orthonormal working basis                                            t = 0.81 s
================================================================================
   orthogonalization scheme                               canonical
   AO basis functions                                            14
   working-basis functions                                       14
   linear-dependence threshold                             1.00e-07
   largest overlap eigenvalue                          1.926363e+00
   smallest retained overlap eigenvalue                1.876122e-01
   condition number of S (retained)                       1.027e+01

================================================================================
 Spinor expansion                                                     t = 0.81 s
================================================================================
   scalar basis functions                                        14   (working basis)
   spinors                                                       28
   Kramers pairs                                                 14
   ordering                                      interleaved (p, pbar); rows [alpha|beta]
   Kramers pairing deviation                               0.00e+00
   orthonormality error                                    8.30e-15

================================================================================
 Two-electron integrals                                               t = 0.81 s
================================================================================

 -- Cholesky decomposition of the AO two-electron integrals --------------------
   factorization                                           cholesky
   AO basis functions                                            14
   auxiliary / Cholesky vectors                                  91   (6.5 per AO)
   decomposition threshold                                 1.00e-08  Eh
   pivot selection                               complete symmetry orbits   (spherical symmetry exact by construction, not to the threshold)
   largest neglected diagonal                             1.815e-09  Eh
   factor storage                                             0.000  GB
   matrix elements                               stored AO integral array
   decomposition time                                          0.00  s wall

================================================================================
 CASSCF                                                               t = 0.81 s
================================================================================
   active space                                           CAS(4, 6)   (3 lowest Kramers pairs of l=1 character on 1 O)
   inactive / active / virtual spinors                   4 / 6 / 18
   determinants                                                  15
   state-average boundary                                  complete   (all 15 determinants averaged over)

 -- Orbital optimization -------------------------------------------------------
   inactive / active / virtual spinors                   4 / 6 / 18
   orbital rotation parameters                                  204   (complex)
   optimizer mode                                      second-order
   gradient convergence                                     1.0e-06
   maximum rotation per step                                   0.20  rad
   iter                 E [Eh]      dE [Eh]         |g|   max rot  step     wall [s]
   ----  ---------------------  -----------  ----------  --------  ------  ---------
      1       -74.731534295848   -1.959e-03   9.042e-02    0.0209  2nd          0.01
      2       -74.731534419059   -1.232e-07   1.717e-03    0.0001  2nd          0.01
      3       -74.731534419073   -1.388e-11   1.223e-05    0.0000  2nd          0.01
      4       -74.731534419073    0.000e+00   1.896e-09    0.0000  2nd          0.01
   ----  ---------------------  -----------  ----------  --------  ------  ---------
   converged
   second-order steps taken                                       4
   Hessian-vector products                                       11
   rejected steps                                                 0
     state                 E [Eh]     rel [cm^-1]     weight
   -------  ---------------------  --------------  ---------
         0       -74.772423046740            0.00     0.0667
         1       -74.772423046735            0.00     0.0667
         2       -74.772423046732            0.00     0.0667
         3       -74.772423046715            0.00     0.0667
         4       -74.772423046715            0.00     0.0667
         5       -74.771737017034          150.57     0.0667
         6       -74.771737017027          150.57     0.0667
         7       -74.771737017006          150.57     0.0667
         8       -74.771400328802          224.46     0.0667
         9       -74.690987386457        17873.06     0.0667
        10       -74.690987386457        17873.06     0.0667
        11       -74.690987386441        17873.06     0.0667
        12       -74.690987386433        17873.06     0.0667
        13       -74.690987386430        17873.06     0.0667
        14       -74.569352740373        44568.78     0.0667
   -------  ---------------------  --------------  ---------
   15 applications of H in 0 iterations
   state-average boundary                                  complete   (all 15 determinants averaged over)
   state-average spin invariance                          1.140e-16   (spin-rotation invariant ensemble)

================================================================================
 The reference                                                        t = 0.87 s
================================================================================
CASSCF
  active space     : CAS(4, 6)  3 lowest Kramers pairs of l=1 character on 1 O
  solver           : ci
  E(CASSCF) [Eh]   : -74.731534419073
  converged        : True
  macro-iterations : 4
  |grad|           : 1.90e-09
  states           : 15
   state average                                           complete   (all 15 determinants of the 2p shell)

 -- SC-NEVPT2 ------------------------------------------------------------------
   active space                                           CAS(4, 6)
   inactive / virtual spinors                                4 / 18
   states                                                        15
   zeroth-order Fock                                 state-averaged
   level shift [Eh]                                            none

   state 0
   class            dN_act         norm                E2 [Eh]        labels     min |dE|
   -------------  --------  -----------  ---------------------  ------------  -----------
   Sr    (-1')          -1    2.405e-03        -0.001329084382             2    1.762e+00
   Si    (+1')          +1    3.103e-25         0.000000000000             0            -
   Sijrs (0)            +0    6.021e-02        -0.007240334900           918    4.454e+00
   Sijr  (+1)           +1    1.102e-02        -0.001240563168             6    3.755e+00
   Srsi  (-1)           -1    1.169e-01        -0.023027881487            12    3.993e+00
   Srs   (-2)           -2    2.551e-01        -0.042194312090             9    3.964e+00
   Sij   (+2)           +2   -2.404e-17         0.000000000000             0            -
   Sir   (0')           +0    1.271e-01        -0.029740072722             6    2.227e+00
   -------------  --------  -----------  ---------------------  ------------  -----------
   E(CASSCF)                                       -74.772423046740  Eh
   E2                                               -0.104772248749  Eh
   total                                           -74.877195295488  Eh

   state 1
   class            dN_act         norm                E2 [Eh]        labels     min |dE|
   -------------  --------  -----------  ---------------------  ------------  -----------
   Sr    (-1')          -1    2.405e-03        -0.001329084386             2    1.762e+00
   Si    (+1')          +1    2.504e-25         0.000000000000             0            -
   Sijrs (0)            +0    6.021e-02        -0.007240334900           918    4.454e+00
   Sijr  (+1)           +1    1.102e-02        -0.001240563168             6    3.755e+00
   Srsi  (-1)           -1    1.169e-01        -0.023027881487            12    3.993e+00
   Srs   (-2)           -2    2.551e-01        -0.042194312090             9    3.964e+00
   Sij   (+2)           +2   -4.745e-17         0.000000000000             0            -
   Sir   (0')           +0    1.271e-01        -0.029740072721             6    2.227e+00
   -------------  --------  -----------  ---------------------  ------------  -----------
   E(CASSCF)                                       -74.772423046735  Eh
   E2                                               -0.104772248752  Eh
   total                                           -74.877195295486  Eh

   state 2
   class            dN_act         norm                E2 [Eh]        labels     min |dE|
   -------------  --------  -----------  ---------------------  ------------  -----------
   Sr    (-1')          -1    2.405e-03        -0.001329084386             2    1.762e+00
   Si    (+1')          +1    8.790e-25         0.000000000000             0            -
   Sijrs (0)            +0    6.021e-02        -0.007240334900           918    4.454e+00
   Sijr  (+1)           +1    1.102e-02        -0.001240563168             6    3.755e+00
   Srsi  (-1)           -1    1.169e-01        -0.023027881487            12    3.993e+00
   Srs   (-2)           -2    2.551e-01        -0.042194312090             9    3.964e+00
   Sij   (+2)           +2   -6.018e-17         0.000000000000             0            -
   Sir   (0')           +0    1.271e-01        -0.029740072721             6    2.227e+00
   -------------  --------  -----------  ---------------------  ------------  -----------
   E(CASSCF)                                       -74.772423046732  Eh
   E2                                               -0.104772248751  Eh
   total                                           -74.877195295483  Eh

   state 3
   class            dN_act         norm                E2 [Eh]        labels     min |dE|
   -------------  --------  -----------  ---------------------  ------------  -----------
   Sr    (-1')          -1    2.405e-03        -0.001329084398             2    1.762e+00
   Si    (+1')          +1    5.816e-25         0.000000000000             0            -
   Sijrs (0)            +0    6.021e-02        -0.007240334900           918    4.454e+00
   Sijr  (+1)           +1    1.102e-02        -0.001240563169             6    3.755e+00
   Srsi  (-1)           -1    1.169e-01        -0.023027881487            12    3.993e+00
   Srs   (-2)           -2    2.551e-01        -0.042194312090             9    3.964e+00
   Sij   (+2)           +2    1.489e-17         0.000000000000             0            -
   Sir   (0')           +0    1.271e-01        -0.029740072717             6    2.227e+00
   -------------  --------  -----------  ---------------------  ------------  -----------
   E(CASSCF)                                       -74.772423046715  Eh
   E2                                               -0.104772248760  Eh
   total                                           -74.877195295475  Eh

   state 4
   class            dN_act         norm                E2 [Eh]        labels     min |dE|
   -------------  --------  -----------  ---------------------  ------------  -----------
   Sr    (-1')          -1    2.405e-03        -0.001329084398             2    1.762e+00
   Si    (+1')          +1    4.435e-25         0.000000000000             0            -
   Sijrs (0)            +0    6.021e-02        -0.007240334900           918    4.454e+00
   Sijr  (+1)           +1    1.102e-02        -0.001240563169             6    3.755e+00
   Srsi  (-1)           -1    1.169e-01        -0.023027881487            12    3.993e+00
   Srs   (-2)           -2    2.551e-01        -0.042194312090             9    3.964e+00
   Sij   (+2)           +2   -2.640e-18         0.000000000000             0            -
   Sir   (0')           +0    1.271e-01        -0.029740072717             6    2.227e+00
   -------------  --------  -----------  ---------------------  ------------  -----------
   E(CASSCF)                                       -74.772423046715  Eh
   E2                                               -0.104772248760  Eh
   total                                           -74.877195295475  Eh

   state 5
   class            dN_act         norm                E2 [Eh]        labels     min |dE|
   -------------  --------  -----------  ---------------------  ------------  -----------
   Sr    (-1')          -1    2.414e-03        -0.001334354122             2    1.788e+00
   Si    (+1')          +1    3.243e-25         0.000000000000             0            -
   Sijrs (0)            +0    6.021e-02        -0.007240334900           918    4.454e+00
   Sijr  (+1)           +1    1.101e-02        -0.001238844994             6    3.754e+00
   Srsi  (-1)           -1    1.169e-01        -0.023028637864            12    4.002e+00
   Srs   (-2)           -2    2.551e-01        -0.042193579048             9    3.962e+00
   Sij   (+2)           +2    2.909e-10        -0.000000000013             1    2.292e+01
   Sir   (0')           +0    1.272e-01        -0.029749912443             6    2.227e+00
   -------------  --------  -----------  ---------------------  ------------  -----------
   E(CASSCF)                                       -74.771737017034  Eh
   E2                                               -0.104785663385  Eh
   total                                           -74.876522680418  Eh

   state 6
   class            dN_act         norm                E2 [Eh]        labels     min |dE|
   -------------  --------  -----------  ---------------------  ------------  -----------
   Sr    (-1')          -1    2.414e-03        -0.001334354123             2    1.788e+00
   Si    (+1')          +1    6.159e-26         0.000000000000             0            -
   Sijrs (0)            +0    6.021e-02        -0.007240334900           918    4.454e+00
   Sijr  (+1)           +1    1.101e-02        -0.001238844994             6    3.754e+00
   Srsi  (-1)           -1    1.169e-01        -0.023028637864            12    4.002e+00
   Srs   (-2)           -2    2.551e-01        -0.042193579049             9    3.962e+00
   Sij   (+2)           +2    2.909e-10        -0.000000000013             1    2.292e+01
   Sir   (0')           +0    1.272e-01        -0.029749912442             6    2.227e+00
   -------------  --------  -----------  ---------------------  ------------  -----------
   E(CASSCF)                                       -74.771737017027  Eh
   E2                                               -0.104785663385  Eh
   total                                           -74.876522680412  Eh

   state 7
   class            dN_act         norm                E2 [Eh]        labels     min |dE|
   -------------  --------  -----------  ---------------------  ------------  -----------
   Sr    (-1')          -1    2.414e-03        -0.001334354135             2    1.788e+00
   Si    (+1')          +1    4.920e-25         0.000000000000             0            -
   Sijrs (0)            +0    6.021e-02        -0.007240334900           918    4.454e+00
   Sijr  (+1)           +1    1.101e-02        -0.001238844995             6    3.754e+00
   Srsi  (-1)           -1    1.169e-01        -0.023028637864            12    4.002e+00
   Srs   (-2)           -2    2.551e-01        -0.042193579048             9    3.962e+00
   Sij   (+2)           +2    2.909e-10        -0.000000000013             1    2.292e+01
   Sir   (0')           +0    1.272e-01        -0.029749912438             6    2.227e+00
   -------------  --------  -----------  ---------------------  ------------  -----------
   E(CASSCF)                                       -74.771737017006  Eh
   E2                                               -0.104785663393  Eh
   total                                           -74.876522680399  Eh

   state 8
   class            dN_act         norm                E2 [Eh]        labels     min |dE|
   -------------  --------  -----------  ---------------------  ------------  -----------
   Sr    (-1')          -1    2.419e-03        -0.001338269901             2    1.767e+00
   Si    (+1')          +1    2.318e-25         0.000000000000             0            -
   Sijrs (0)            +0    6.021e-02        -0.007240334900           918    4.454e+00
   Sijr  (+1)           +1    1.100e-02        -0.001238019888             6    3.755e+00
   Srsi  (-1)           -1    1.169e-01        -0.023030199990            12    3.995e+00
   Srs   (-2)           -2    2.551e-01        -0.042194475529             9    3.961e+00
   Sij   (+2)           +2    1.910e-06        -0.000000503269             3    3.451e+00
   Sir   (0')           +0    1.272e-01        -0.029754073959             6    2.227e+00
   -------------  --------  -----------  ---------------------  ------------  -----------
   E(CASSCF)                                       -74.771400328802  Eh
   E2                                               -0.104795877437  Eh
   total                                           -74.876196206238  Eh

   state 9
   class            dN_act         norm                E2 [Eh]        labels     min |dE|
   -------------  --------  -----------  ---------------------  ------------  -----------
   Sr    (-1')          -1    6.024e-04        -0.000345459390             2    1.743e+00
   Si    (+1')          +1    3.501e-25         0.000000000000             0            -
   Sijrs (0)            +0    6.021e-02        -0.007240334900           918    4.454e+00
   Sijr  (+1)           +1    1.101e-02        -0.001262197048             6    3.674e+00
   Srsi  (-1)           -1    1.169e-01        -0.023245152940            12    3.971e+00
   Srs   (-2)           -2    2.663e-01        -0.044936130367             9    3.963e+00
   Sij   (+2)           +2   -1.103e-17         0.000000000000             0            -
   Sir   (0')           +0    1.322e-01        -0.031237897547             6    2.151e+00
   -------------  --------  -----------  ---------------------  ------------  -----------
   E(CASSCF)                                       -74.690987386457  Eh
   E2                                               -0.108267172190  Eh
   total                                           -74.799254558648  Eh

   state 10
   class            dN_act         norm                E2 [Eh]        labels     min |dE|
   -------------  --------  -----------  ---------------------  ------------  -----------
   Sr    (-1')          -1    6.024e-04        -0.000345459389             2    1.743e+00
   Si    (+1')          +1    2.956e-25         0.000000000000             0            -
   Sijrs (0)            +0    6.021e-02        -0.007240334900           918    4.454e+00
   Sijr  (+1)           +1    1.101e-02        -0.001262197048             6    3.674e+00
   Srsi  (-1)           -1    1.169e-01        -0.023245152940            12    3.971e+00
   Srs   (-2)           -2    2.663e-01        -0.044936130367             9    3.963e+00
   Sij   (+2)           +2    4.563e-17         0.000000000000             0            -
   Sir   (0')           +0    1.322e-01        -0.031237897547             6    2.151e+00
   -------------  --------  -----------  ---------------------  ------------  -----------
   E(CASSCF)                                       -74.690987386457  Eh
   E2                                               -0.108267172190  Eh
   total                                           -74.799254558647  Eh

   state 11
   class            dN_act         norm                E2 [Eh]        labels     min |dE|
   -------------  --------  -----------  ---------------------  ------------  -----------
   Sr    (-1')          -1    6.024e-04        -0.000345459407             2    1.743e+00
   Si    (+1')          +1    5.606e-25         0.000000000000             0            -
   Sijrs (0)            +0    6.021e-02        -0.007240334900           918    4.454e+00
   Sijr  (+1)           +1    1.101e-02        -0.001262197049             6    3.674e+00
   Srsi  (-1)           -1    1.169e-01        -0.023245152939            12    3.971e+00
   Srs   (-2)           -2    2.663e-01        -0.044936130367             9    3.963e+00
   Sij   (+2)           +2    5.319e-17         0.000000000000             0            -
   Sir   (0')           +0    1.322e-01        -0.031237897541             6    2.151e+00
   -------------  --------  -----------  ---------------------  ------------  -----------
   E(CASSCF)                                       -74.690987386441  Eh
   E2                                               -0.108267172203  Eh
   total                                           -74.799254558644  Eh

   state 12
   class            dN_act         norm                E2 [Eh]        labels     min |dE|
   -------------  --------  -----------  ---------------------  ------------  -----------
   Sr    (-1')          -1    6.024e-04        -0.000345459407             2    1.743e+00
   Si    (+1')          +1    2.857e-25         0.000000000000             0            -
   Sijrs (0)            +0    6.021e-02        -0.007240334900           918    4.454e+00
   Sijr  (+1)           +1    1.101e-02        -0.001262197049             6    3.674e+00
   Srsi  (-1)           -1    1.169e-01        -0.023245152939            12    3.971e+00
   Srs   (-2)           -2    2.663e-01        -0.044936130367             9    3.963e+00
   Sij   (+2)           +2    2.444e-17         0.000000000000             0            -
   Sir   (0')           +0    1.322e-01        -0.031237897541             6    2.151e+00
   -------------  --------  -----------  ---------------------  ------------  -----------
   E(CASSCF)                                       -74.690987386433  Eh
   E2                                               -0.108267172203  Eh
   total                                           -74.799254558637  Eh

   state 13
   class            dN_act         norm                E2 [Eh]        labels     min |dE|
   -------------  --------  -----------  ---------------------  ------------  -----------
   Sr    (-1')          -1    6.024e-04        -0.000345459413             2    1.743e+00
   Si    (+1')          +1    4.317e-25         0.000000000000             0            -
   Sijrs (0)            +0    6.021e-02        -0.007240334900           918    4.454e+00
   Sijr  (+1)           +1    1.101e-02        -0.001262197049             6    3.674e+00
   Srsi  (-1)           -1    1.169e-01        -0.023245152939            12    3.971e+00
   Srs   (-2)           -2    2.663e-01        -0.044936130367             9    3.963e+00
   Sij   (+2)           +2    3.890e-18         0.000000000000             0            -
   Sir   (0')           +0    1.322e-01        -0.031237897539             6    2.151e+00
   -------------  --------  -----------  ---------------------  ------------  -----------
   E(CASSCF)                                       -74.690987386430  Eh
   E2                                               -0.108267172207  Eh
   total                                           -74.799254558637  Eh

   state 14
   class            dN_act         norm                E2 [Eh]        labels     min |dE|
   -------------  --------  -----------  ---------------------  ------------  -----------
   Sr    (-1')          -1    2.409e-03        -0.001431486733             2    1.682e+00
   Si    (+1')          +1    1.242e-24         0.000000000000             0            -
   Sijrs (0)            +0    6.021e-02        -0.007240334900           918    4.454e+00
   Sijr  (+1)           +1    1.101e-02        -0.001297830323             6    3.553e+00
   Srsi  (-1)           -1    1.169e-01        -0.023579055765            12    3.909e+00
   Srs   (-2)           -2    3.675e-01        -0.060967966274             9    3.963e+00
   Sij   (+2)           +2    8.537e-02        -0.023168716921             3    3.249e+00
   Sir   (0')           +0    1.951e-03        -0.000207930328             6    2.025e+00
   -------------  --------  -----------  ---------------------  ------------  -----------
   E(CASSCF)                                       -74.569352740373  Eh
   E2                                               -0.117893321244  Eh
   total                                           -74.687246061617  Eh

   degenerate manifolds of the reference spectrum
   states        size         E2 (bary) [Eh]        dE [cm^-1]   ref spread  spread [cm^-1]
   ----------  ------  ---------------------  ----------------  -----------  --------------
   0-4              5        -0.104772248754              0.00    5.496e-06       2.932e-06
   5-7              3        -0.104785663388            147.62    6.129e-06       4.192e-06
   8                1        -0.104795877437            219.27    0.000e+00       0.000e+00
   9-13             5        -0.108267172199          17106.01    5.995e-06       2.436e-06
   14               1        -0.117893321244          41689.04    0.000e+00       0.000e+00
   ----------  ------  ---------------------  ----------------  -----------  --------------

================================================================================
 The finished NEVPT2 stage                                            t = 1.32 s
================================================================================
NEVPT2
  E2, state 0 [Eh]             : -0.104772248749
  total, state 0 [Eh]          : -74.877195295488
  complete (all eight classes) : True
  frozen / deleted spinors     : 0 / 0

 -- Excitation classes, state 0 ------------------------------------------------
   class                 E2 [Eh]    share [%]
   ------------  ---------------  -----------
   Si                0.000000000        -0.00
   Sij               0.000000000        -0.00
   Sijr             -0.001240563         1.18
   Sijrs            -0.007240335         6.91
   Sir              -0.029740073        28.39
   Sr               -0.001329084         1.27
   Srs              -0.042194312        40.27
   Srsi             -0.023027881        21.98
   ------------  ---------------  -----------
   all eight are registered whether or not they contribute; they partition the first-order interacting space
   sum over the eight classes                       -0.104772248749  Eh
   complete (nothing left out)                                  yes

================================================================================
 Term energies                                                        t = 1.32 s
================================================================================
   term        states    CASSCF [cm^-1]    +NEVPT2 [cm^-1]    experiment   spread [cm^-1]
   --------  --------  ----------------  -----------------  ------------  ---------------
   3P2              5              0.00               0.00             -        2.932e-06
   3P1              3            150.57             147.62         158.3        4.192e-06
   3P0              1            224.46             219.27         227.0        0.000e+00
   1D2              5          17873.06           17106.01       15867.9        2.436e-06
   1S0              1          44568.78           41689.04       33792.6        0.000e+00
   --------  --------  ----------------  -----------------  ------------  ---------------
   the spread column is what the correction did to a manifold that must stay degenerate
   the fine structure (3P2/3P1/3P0) is spin-orbit physics and is already
   right without the correction; the TERM separations are correlation and
   move by thousands of wavenumbers. The residual against experiment is
   basis-set incompleteness -- a term energy is a basis-limit quantity.
   E2, ground state                                 -0.104772248749  Eh
   E(CASSCF) + E2, ground state                    -74.877195295488  Eh
   largest spread inside a manifold                       4.192e-06  cm^-1

================================================================================
 Options                                                              t = 1.32 s
================================================================================
   frozen-core threshold                                      -10.0  Eh   (an orbital energy, never a count of orbitals)
   spinors frozen                                                 2
   E2 with the 1s frozen                            -0.102891640125  Eh
   change from the all-electron correction                1.881e-03  Eh
   the measured default for both frozen core and deleted virtuals is OFF.
   Freezing is a cost decision; state it as an energy so that a threshold
   can never fall inside a degenerate group and split a Kramers pair.
 *** WARNING [pt.nevpt2] E2 is a PARTIAL sum: the class(es) Sr, Si, Sijr, Srsi, Srs, Sij, Sir produced no energy, so the total below is a lower bound on the magnitude of the correction and is not comparable with another program's NEVPT2 
   E2 from the Sijrs class alone                    -0.007240334900  Eh
   reported complete                                             no   (a restricted class list is a PARTIAL sum and says so)

================================================================================
 Result                                                               t = 1.75 s
================================================================================
   check                                                           verdict   
   --------------------------------------------------------------  ----------
   the CASSCF converged                                            ok        
   the state average uses the whole determinant space              ok        
   the 2p^4 configuration gives 3P + 1D + 1S                       ok        
   the correction is complete (all eight classes)                  ok        
   the correction lowers every state                               ok        
   every manifold stays degenerate to 0.1 cm^-1                    ok        
   1D moves towards experiment                                     ok        
   1S moves towards experiment                                     ok        
   freezing the 1s freezes exactly the two 1s spinors              ok        
   a restricted class list is reported as partial                  ok        
   --------------------------------------------------------------  ----------
   checks                                             all 10 passed

================================================================================
 Timings                                                              t = 1.75 s
================================================================================
   region                                     calls     wall [s]       cpu [s]   cpu/wall   % wall
   ----------------------------------------  ------  -----------  ------------  ---------  -------
   scalar X2C SCF                                 1         0.03          0.13       3.97      2.5
   AO integrals                                   1         0.00          0.01       3.79      0.2
     angular-momentum integrals                   1         0.00          0.00       3.99      0.0
     electric dipole integrals                    1         0.00          0.00       3.93      0.0
   X2C spin-orbit integrals                       1         0.00          0.01       3.99      0.3
   atomic mean-field correction                   1         0.36          1.44       4.00     27.7
     atomic 4c solve                              1         0.34          1.38       4.00     26.5
       atomic 4c DHF                              1         0.32          1.29       4.00     24.8
     atomic mean-field decoupling                 1         0.01          0.04       4.00      0.9
   orthogonalization (canonical)                  1         0.00          0.00       3.98      0.0
   Cholesky decomposition                         1         0.00          0.02       4.00      0.3
   CAS determinant addressing                     4         0.00          0.00       3.99      0.0
   CAS excitation map                             4         0.00          0.00       4.01      0.1
   CAS integrals                                  3         0.00          0.01       4.00      0.2
     J/K build                                    3         0.00          0.00       4.01      0.1
     3-index transform                            3         0.00          0.00       4.00      0.1
   full CI: diagonal                              1         0.00          0.00       3.93      0.0
   dense CI diagonalization                       1         0.00          0.01       4.00      0.2
     sigma step 1: gather F                      15         0.00          0.00       4.05      0.1
     sigma one-electron term                     15         0.00          0.00       4.00      0.0
     sigma step 2: GEMM                          15         0.00          0.00       2.68      0.0
     sigma step 3: gather sigma                  15         0.00          0.00       4.07      0.1
   RDM gather F                                  60         0.00          0.01       4.04      0.2
   RDM accumulation F^H F                        60         0.00          0.01       4.06      0.2
   macro-iteration                                4         0.05          0.19       4.00      3.7
     J/K build                                    4         0.00          0.01       4.01      0.2
     MO factor square                             4         0.00          0.02       4.00      0.4
       3-index transform                          4         0.00          0.01       4.00      0.3
     exact Hessian diagonal                       4         0.01          0.03       4.00      0.5
     Hessian-vector product                      11         0.01          0.05       4.00      0.9
     CAS integrals                                3         0.00          0.01       3.99      0.2
       J/K build                                  3         0.00          0.00       4.01      0.1
       3-index transform                          3         0.00          0.00       4.00      0.1
     full CI: diagonal                            3         0.00          0.00       3.91      0.0
     dense CI diagonalization                     3         0.01          0.02       4.00      0.5
       sigma step 1: gather F                    45         0.00          0.01       4.03      0.1
       sigma one-electron term                   45         0.00          0.00       3.83      0.0
       sigma step 2: GEMM                        45         0.00          0.00       2.51      0.0
       sigma step 3: gather sigma                45         0.00          0.01       4.07      0.2
     RDM gather F                                45         0.00          0.01       4.05      0.1
     RDM accumulation F^H F                      45         0.00          0.01       4.11      0.1
   NEVPT2 pseudo-canonicalization                 3         0.01          0.03       4.00      0.7
     CAS integrals                                6         0.01          0.02       4.00      0.4
       J/K build                                  6         0.00          0.01       4.01      0.2
       3-index transform                          6         0.00          0.01       4.00      0.2
     J/K build                                    3         0.00          0.01       3.99      0.1
   NEVPT2 state RDMs                             45         0.01          0.03       3.99      0.6
     RDM gather F                                45         0.00          0.01       4.03      0.2
     RDM accumulation F^H F                      45         0.00          0.01       4.13      0.2
   NEVPT2 class Sr                               30         0.13          0.52       4.00      9.9
     CAS determinant addressing                   4         0.00          0.00       4.07      0.0
     3-index transform                            4         0.00          0.01       4.00      0.1
     NEVPT2 pair-annihilated vectors             30         0.01          0.05       4.00      1.0
     NEVPT2 single-external annihilation perturbers      30         0.02          0.07       3.96      1.3
     CAS excitation map                           2         0.00          0.00       4.02      0.0
     NEVPT2 H_act on the N-1 space               30         0.07          0.29       4.00      5.5
       sigma step 1: gather F                   540         0.02          0.09       4.01      1.8
       sigma one-electron term                  540         0.00          0.01       3.95      0.2
       sigma step 2: GEMM                       540         0.01          0.02       2.51      0.6
       sigma step 3: gather sigma               540         0.02          0.10       4.08      1.9
   NEVPT2 class Si                               30         0.07          0.27       4.00      5.2
     CAS determinant addressing                   4         0.00          0.00       3.95      0.0
     3-index transform                            2         0.00          0.00       3.99      0.0
     NEVPT2 excitation vectors                   30         0.01          0.05       4.00      1.0
     NEVPT2 single-external creation perturbers      30         0.02          0.06       4.01      1.2
     CAS excitation map                           2         0.00          0.00       3.99      0.0
     NEVPT2 H_act on the N+1 space               30         0.01          0.05       4.00      0.9
       sigma step 1: gather F                    90         0.00          0.02       4.04      0.3
       sigma one-electron term                   90         0.00          0.00       4.03      0.0
       sigma step 2: GEMM                        90         0.00          0.00       4.04      0.1
       sigma step 3: gather sigma                90         0.00          0.02       4.03      0.3
   NEVPT2 class Sijrs                             3         0.00          0.01       4.00      0.1
     3-index transform                            3         0.00          0.00       4.00      0.1
   NEVPT2 class Sijr                             30         0.01          0.06       4.01      1.1
   NEVPT2 class Srsi                             30         0.01          0.06       4.01      1.1
   NEVPT2 class Srs                              30         0.16          0.62       4.00     12.0
     CAS excitation map                           2         0.00          0.00       4.02      0.0
     NEVPT2 H_act on the N-2 space               30         0.14          0.55       4.00     10.5
       sigma step 1: gather F                  1080         0.04          0.17       3.99      3.3
       sigma one-electron term                 1080         0.01          0.02       4.21      0.4
       sigma step 2: GEMM                      1080         0.02          0.04       2.53      1.2
       sigma step 3: gather sigma              1080         0.05          0.20       4.15      3.6
   NEVPT2 class Sij                              30         0.14          0.55       4.00     10.6
     CAS determinant addressing                   2         0.00          0.00       3.97      0.0
     NEVPT2 pair-created vectors                 30         0.01          0.06       4.00      1.1
     CAS excitation map                           2         0.00          0.00       4.00      0.0
     NEVPT2 H_act on the N+2 space               30         0.11          0.42       4.00      8.1
       sigma step 1: gather F                  1080         0.03          0.13       4.02      2.6
       sigma one-electron term                 1080         0.00          0.02       4.03      0.3
       sigma step 2: GEMM                      1080         0.01          0.03       4.06      0.6
       sigma step 3: gather sigma              1080         0.04          0.14       4.05      2.7
   NEVPT2 class Sir                              30         0.30          1.21       4.00     23.2
     CAS excitation map                           2         0.00          0.00       4.01      0.0
     NEVPT2 H_act on the N space                 60         0.28          1.14       4.00     21.9
       sigma step 1: gather F                  2220         0.09          0.37       4.05      6.9
       sigma one-electron term                 2220         0.01          0.05       4.18      0.9
       sigma step 2: GEMM                      2220         0.03          0.08       2.53      2.3
       sigma step 3: gather sigma              2220         0.10          0.40       4.09      7.6
   ----------------------------------------  ------  -----------  ------------  ---------  -------
   total (top-level regions)                                   1.30  s wall
   total CPU                                                   5.20  s cpu
   cost is cpu [s]; wall [s] also reflects thread count and, on a
   thermally clamped machine, time the CPU was forced to stay idle.
